
 Start Length Name Class
 0001:00000000 00000000CH _TEXT                  CODE


Detailed map of segments
 0001:00000A70 0000000C C=CODE    S=_TEXT    G=(none)   M=editor.cpp ACBP=A9
 0001:00001800 00000634 C=CODE    S=_TEXT    G=(none)   M=mxshortcut.pas ACBP=A9
 0001:000022A0 00000584 C=CODE    S=_TEXT    G=(none)   M=renderwindow.pas ACBP=A9
 0001:00003AC4 00002AE8 C=CODE    S=_TEXT    G=(none)   M=multi_edit.pas ACBP=A9
 0001:000066C4 000001C8 C=CODE    S=_TEXT    G=(none)   M=multi_color.pas ACBP=A9
 0001:00006A1C 000000AC C=CODE    S=_TEXT    G=(none)   M=multi_check.pas ACBP=A9
 0001:000070F4 000006E8 C=CODE    S=_TEXT    G=(none)   M=gradient.pas ACBP=A9
 0001:00008280 000021DC C=CODE    S=_TEXT    G=(none)   M=ExtBtn.pas ACBP=A9
 0001:0000D790 00006E11 C=CODE    S=_TEXT    G=(none)   M=MXCtrls.pas ACBP=A9
 0001:00014C8C 0000277D C=CODE    S=_TEXT    G=(none)   M=mxMenus.pas ACBP=A9
 0001:000191A0 0000226C C=CODE    S=_TEXT    G=(none)   M=mxPlacemnt.pas ACBP=A9
 0001:0001B40C 00001EC4 C=CODE    S=_TEXT    G=(none)   M=mxAppUtils.pas ACBP=A9
 0001:0001D2D0 000002E0 C=CODE    S=_TEXT    G=(none)   M=mxMaxMin.pas ACBP=A9
 0001:0001D708 000038BC C=CODE    S=_TEXT    G=(none)   M=mxVclUtils.pas ACBP=A9
 0001:00020FF4 00000068 C=CODE    S=_TEXT    G=(none)   M=mxConst.pas ACBP=A9
 0001:0002105C 000019A0 C=CODE    S=_TEXT    G=(none)   M=mxStrUtils.pas ACBP=A9
 0001:000229FC 00000D40 C=CODE    S=_TEXT    G=(none)   M=mxClipIcon.pas ACBP=A9
 0001:0002373C 00000868 C=CODE    S=_TEXT    G=(none)   M=mxBoxProcs.pas ACBP=A9
 0001:00023FD4 00000008 C=CODE    S=_TEXT    G=(none)   M=MXLConst.pas ACBP=A9
 0001:000241D4 00002410 C=CODE    S=_TEXT    G=(none)   M=mxProps.pas ACBP=A9
 0001:00026A04 00000A99 C=CODE    S=_TEXT    G=(none)   M=mxHook.pas ACBP=A9
 0001:00027750 0000202C C=CODE    S=_TEXT    G=(none)   M=mxFileUtil.pas ACBP=A9
 0001:000297AC 00000008 C=CODE    S=_TEXT    G=(none)   M=mxCConst.pas ACBP=A9
 0001:0002B9D0 00003FD0 C=CODE    S=_TEXT    G=(none)   M=mxFileCtrl.pas ACBP=A9
 0001:0002FA3C 000013C8 C=CODE    S=_TEXT    G=(none)   M=mxDateUtil.pas ACBP=A9

  Address         Publics by Value

 0001:00000502       Sysinit._GetTls
 0001:00000558       Windows.MakeLong
 0001:00000564       Windows.HiWord
 0001:00000568       Windows.UnlockResource
 0001:0000056C       Windows.GlobalAllocPtr
 0001:0000057C       Windows.GlobalReAllocPtr
 0001:00000598       Windows.GlobalFreePtr
 0001:000005AC       Windows.RGB
 0001:000005C8       Windows.GetRValue
 0001:000005CC       Windows.GetGValue
 0001:000005D0       Windows.GetBValue
 0001:000005D4       Windows.SmallPointToPoint
 0001:000005E8       Windows.PointToSmallPoint
 0001:00000600       Windows.MakeLParam
 0001:00000608       Windows.CreateWindow
 0001:0000063C       Windows.GetWindowTask
 0001:0000064C       Windows.Finalization
 0001:0000067C       Windows.initialization
 0001:00000684       Messages.Finalization
 0001:000006B4       Messages.initialization
 0001:000006BC       Commctrl.Finalization
 0001:000006EC       Commctrl.initialization
 0001:000006F4       Shellapi.Finalization
 0001:00000724       Shellapi.initialization
 0001:0000072C       Regstr.Finalization
 0001:0000075C       Regstr.initialization
 0001:00000764       Wininet.Finalization
 0001:00000794       Wininet.initialization
 0001:0000079C       Urlmon.Finalization
 0001:000007CC       Urlmon.initialization
 0001:000007D4       Shlobj.Finalization
 0001:00000804       Shlobj.initialization
 0001:0000080C       Commdlg.Finalization
 0001:0000083C       Commdlg.initialization
 0001:00000844       Dlgs.Finalization
 0001:00000874       Dlgs.initialization
 0001:0000087C       Imm.Finalization
 0001:000008AC       Imm.initialization
 0001:000008B4       Richedit.Finalization
 0001:000008E4       Richedit.initialization
 0001:000008EC       Winspool.Finalization
 0001:0000091C       Winspool.initialization
 0001:00000924       SysInit._16395
 0001:00000930       SysInit._16396
 0001:00000954       Sysinit.VclInit
 0001:000009F0       Sysinit.VclExit
 0001:00000A20       Sysinit._PackageLoad
 0001:00000A2C       Sysinit._PackageUnload
 0001:00000A38       Sysinit.Finalization
 0001:00000A68       Sysinit.initialization
 0001:00000A70       DllEntryPoint
 0001:00000A9C       Mxregister.Register
 0001:00000BA8       Mxregister.Finalization
 0001:00000BD8       Mxregister.initialization
 0001:00000BE0       ___CRTL_VCL_Init
 0001:00000C24       ___CRTL_VCL_Exit
 0001:00000C28       ___CRTL_VCLLIB_Linkage
 0001:00000C2C       ___CRTL_VCL_Sharemem
 0001:00000C88       ___CRTL_VCL_HookSystem
 0001:00000CE4       __ExceptInit
 0001:00000D30       __GetExceptDLLinfoInternal
 0001:00000D58       __InitExceptBlockLDTC
 0001:00000D91       __ExitExceptBlock
 0001:00000D9F       __ExceptionHandler
 0001:00000DC8       ___CRTL_DLL_Lock
 0001:00000DEC       ___CRTL_DLL_Unlock
 0001:00000E04       System.AnsiString
 0001:00000E3C       System.AnsiString
 0001:00000E6C       System.AnsiString
 0001:00000EEC       __InitVCL
 0001:00000F2C       __ExitVCL
 0001:00000F38       __LateVCLInit
 0001:00001800       Mxshortcut.MxMakeShortCut
 0001:00001914       Mxshortcut.MxGetSpecialName
 0001:00001968       Mxshortcut.MxShortCutToText
 0001:00001B88       Mxshortcut.TMxHotKey.Create
 0001:00001C5C       Mxshortcut.TMxHotKey.Destroy
 0001:00001C84       Mxshortcut.TMxHotKey.SetHotKey
 0001:00001CE4       Mxshortcut.TMxHotKey.KeyDown
 0001:00001D14       Mxshortcut.TMxHotKey.KeyUp
 0001:00001D3C       Mxshortcut.TMxHotKey.KeyPress
 0001:00001D44       Mxshortcut.Finalization
 0001:00001E20       Mxshortcut.initialization
 0001:000022A0       Renderwindow.TD3DWindow.Create
 0001:0000249C       Renderwindow.TD3DWindow.Destroy
 0001:000024F0       Renderwindow.TD3DWindow.ChangeFocus
 0001:00002518       Renderwindow.TD3DWindow.SetBorderStyle
 0001:0000252C       Renderwindow.TD3DWindow.CreateParams
 0001:000025C0       Renderwindow.TD3DWindow.CreateWindowHandle
 0001:00002630       Renderwindow.TD3DWindow.DefaultHandler
 0001:00002680       Renderwindow.TD3DWindow.WMPaint
 0001:00002698       Renderwindow.TD3DWindow.Paint
 0001:00002764       Renderwindow.TD3DWindow.SetDrawFocusRect
 0001:000027BC       Renderwindow.TD3DWindow.SetFocusedColor
 0001:000027D4       Renderwindow.TD3DWindow.SetUnfocusedColor
 0001:000027EC       Renderwindow.Finalization
 0001:0000281C       Renderwindow.initialization
 0001:00003AC4       Multi_edit.TMultiObjLWButton.Create
 0001:00003B9C       Multi_edit.TMultiObjLWButton.Destroy
 0001:00003BE4       Multi_edit.TMultiObjLWButton.Invalidate
 0001:00003BF4       Multi_edit.TMultiObjLWButton.GlyphChanged
 0001:00003C04       Multi_edit.TMultiObjLWButton.GetGlyph
 0001:00003C0C       Multi_edit.TMultiObjLWButton.SetGlyph
 0001:00003C4C       Multi_edit.TMultiObjLWButton.SetDown
 0001:00003C70       Multi_edit.TMultiObjLWButton.SetSens
 0001:00003CD4       Multi_edit.TMultiObjLWButton.SetFocusControl
 0001:00003CE8       Multi_edit.TMultiObjLWButton.Notification
 0001:00003D18       Multi_edit.TMultiObjLWButton.Paint
 0001:00003DA4       Multi_edit.TMultiObjLWButton.DrawAllBitmap
 0001:00003DC8       Multi_edit.TMultiObjLWButton.DrawBitmap
 0001:00003FA0       Multi_edit.TMultiObjLWButton.CMEnabledChanged
 0001:00003FBC       Multi_edit.TMultiObjLWButton.MouseDown
 0001:000040C8       Multi_edit.TMultiObjLWButton.MouseMove
 0001:00004194       Multi_edit.TMultiObjLWButton.MouseUp
 0001:000041F0       Multi_edit.TMultiObjLWButton.LWChange
 0001:00004218       Multi_edit.TMultiObjSpinButton.Create
 0001:00004340       Multi_edit.TMultiObjSpinButton.Destroy
 0001:000043A8       Multi_edit.TMultiObjSpinButton.GlyphChanged
 0001:000043B8       Multi_edit.TMultiObjSpinButton.GetUpGlyph
 0001:000043C0       Multi_edit.TMultiObjSpinButton.SetUpGlyph
 0001:00004400       Multi_edit.TMultiObjSpinButton.GetDownGlyph
 0001:00004408       Multi_edit.TMultiObjSpinButton.SetDownGlyph
 0001:00004448       Multi_edit.TMultiObjSpinButton.SetDown
 0001:0000446C       Multi_edit.TMultiObjSpinButton.SetFocusControl
 0001:00004480       Multi_edit.TMultiObjSpinButton.Notification
 0001:000044B0       Multi_edit.TMultiObjSpinButton.Paint
 0001:00004554       Multi_edit.TMultiObjSpinButton.DrawAllBitmap
 0001:00004588       Multi_edit.TMultiObjSpinButton.DrawBitmap
 0001:00004900       Multi_edit.TMultiObjSpinButton.CMEnabledChanged
 0001:0000491C       Multi_edit.TMultiObjSpinButton.TopClick
 0001:00004948       Multi_edit.TMultiObjSpinButton.BottomClick
 0001:00004974       Multi_edit.TMultiObjSpinButton.MouseDown
 0001:00004ABC       Multi_edit.TMultiObjSpinButton.MouseMove
 0001:00004BC0       Multi_edit.TMultiObjSpinButton.MouseUp
 0001:00004C28       Multi_edit.TMultiObjSpinButton.TimerExpired
 0001:00004CB8       Multi_edit.DefBtnWidth
 0001:00004E50       Multi_edit.TMultiObjUpDown.Create
 0001:00004EAC       Multi_edit.TMultiObjUpDown.Destroy
 0001:00004EE0       Multi_edit.TMultiObjUpDown.ScrollMessage
 0001:00004F90       Multi_edit.TMultiObjUpDown.WMHScroll
 0001:00004F98       Multi_edit.TMultiObjUpDown.WMVScroll
 0001:00004FA0       Multi_edit.TMultiObjUpDown.WMSize
 0001:00004FC4       Multi_edit.TMultiObjSpinEdit.Create
 0001:0000508C       Multi_edit.TMultiObjSpinEdit.Destroy
 0001:0000512C       Multi_edit.TMultiObjSpinEdit.RecreateButton
 0001:00005398       Multi_edit.TMultiObjSpinEdit.SetArrowKeys
 0001:000053A4       Multi_edit.TMultiObjSpinEdit.GetButtonKind
 0001:000053BC       Multi_edit.TMultiObjSpinEdit.SetButtonKind
 0001:000053F0       Multi_edit.TMultiObjSpinEdit.UpDownClick
 0001:00005444       Multi_edit.TMultiObjSpinEdit.LWChange
 0001:000055B0       Multi_edit.TMultiObjSpinEdit.GetButtonWidth
 0001:000055E4       Multi_edit.TMultiObjSpinEdit.ResizeButton
 0001:00005784       Multi_edit.TMultiObjSpinEdit.KeyDown
 0001:000057E4       Multi_edit.TMultiObjSpinEdit.Change
 0001:000057F4       Multi_edit.TMultiObjSpinEdit.KeyPress
 0001:00005868       Multi_edit.TMultiObjSpinEdit.IsValidChar
 0001:00005B28       Multi_edit.TMultiObjSpinEdit.CreateParams
 0001:00005B58       Multi_edit.TMultiObjSpinEdit.CreateWnd
 0001:00005B6C       Multi_edit.TMultiObjSpinEdit.SetEditRect
 0001:00005BC0       Multi_edit.TMultiObjSpinEdit.SetAlignment
 0001:00005BD4       Multi_edit.TMultiObjSpinEdit.WMSize
 0001:00005C00       Multi_edit.TMultiObjSpinEdit.UpClick
 0001:00005D34       Multi_edit.TMultiObjSpinEdit.DownClick
 0001:00005E68       Multi_edit.TMultiObjSpinEdit.CMFontChanged
 0001:00005E84       Multi_edit.TMultiObjSpinEdit.CMCtl3DChanged
 0001:00005EA0       Multi_edit.TMultiObjSpinEdit.CMEnabledChanged
 0001:00005F04       Multi_edit.TMultiObjSpinEdit.WMPaste
 0001:00005F24       Multi_edit.TMultiObjSpinEdit.WMCut
 0001:00005F44       Multi_edit.TMultiObjSpinEdit.CMExit
 0001:00005F98       Multi_edit.TMultiObjSpinEdit.CMEnter
 0001:00005FC0       Multi_edit.TMultiObjSpinEdit.GetValue
 0001:00006114       Multi_edit.TMultiObjSpinEdit.SetValue
 0001:00006218       Multi_edit.TMultiObjSpinEdit.GetAsInteger
 0001:0000622C       Multi_edit.TMultiObjSpinEdit.SetAsInteger
 0001:00006244       Multi_edit.TMultiObjSpinEdit.SetValueType
 0001:000062CC       Multi_edit.TMultiObjSpinEdit.IsIncrementStored
 0001:000062E8       Multi_edit.TMultiObjSpinEdit.IsMaxStored
 0001:00006304       Multi_edit.TMultiObjSpinEdit.IsMinStored
 0001:00006320       Multi_edit.TMultiObjSpinEdit.IsValueStored
 0001:0000633C       Multi_edit.TMultiObjSpinEdit.SetDecimal
 0001:00006364       Multi_edit.TMultiObjSpinEdit.SetButtonWidth
 0001:00006388       Multi_edit.TMultiObjSpinEdit.CheckValue
 0001:0000641C       Multi_edit.TMultiObjSpinEdit.ObjFirstInit
 0001:00006468       Multi_edit.TMultiObjSpinEdit.ObjNextInit
 0001:000064B4       Multi_edit.TMultiObjSpinEdit.ObjApplyFloat
 0001:000064D0       Multi_edit.TMultiObjSpinEdit.ObjApplyInt
 0001:000064F0       Multi_edit.TMultiObjSpinEdit.SetSens
 0001:00006520       Multi_edit.TMultiObjSpinEdit.GetSens
 0001:0000653C       Multi_edit.TMultiObjSpinEdit.SetBtnColor
 0001:00006574       Multi_edit.Finalization
 0001:000065A4       Multi_edit.initialization
 0001:000066C4       Multi_color.TMultiObjColor.Create
 0001:00006740       Multi_color.TMultiObjColor.Destroy
 0001:00006768       Multi_color.TMultiObjColor.ObjFirstInit
 0001:000067AC       Multi_color.TMultiObjColor.ObjNextInit
 0001:000067F8       Multi_color.TMultiObjColor.ObjApply
 0001:00006810       Multi_color.TMultiObjColor.Get
 0001:00006818       Multi_color.TMultiObjColor._Set
 0001:0000684C       Multi_color.TMultiObjColor.diffs
 0001:00006854       Multi_color.Finalization
 0001:00006884       Multi_color.initialization
 0001:00006A1C       Multi_check.TMultiObjCheck.ObjFirstInit
 0001:00006A3C       Multi_check.TMultiObjCheck.ObjNextInit
 0001:00006A74       Multi_check.TMultiObjCheck.ObjApply
 0001:00006A90       Multi_check.Finalization
 0001:00006AC0       Multi_check.initialization
 0001:000070F4       Gradient.TGradient.Create
 0001:000071E4       Gradient.TGradient.SetBeginColor
 0001:00007200       Gradient.TGradient.SetEndColor
 0001:0000721C       Gradient.TGradient.SetAutoSize
 0001:00007228       Gradient.TGradient.SetNumberOfColors
 0001:00007234       Gradient.TGradient.SetFont
 0001:00007254       Gradient.TGradient.SetCaption
 0001:000072AC       Gradient.TGradient.SetTextTop
 0001:000072B8       Gradient.TGradient.SetTextLeft
 0001:000072C4       Gradient.TGradient.Paint
 0001:000072E8       Gradient.TGradient.GradientFill
 0001:00007734       Gradient.TGradient.SetFillDirection
 0001:00007758       Gradient.TGradient.SetBorder
 0001:0000776C       Gradient.TGradient.SetBorderWidth
 0001:00007790       Gradient.TGradient.SetBorderColor
 0001:000077A4       Gradient.Finalization
 0001:000077D4       Gradient.initialization
 0001:00008280       Extbtn.TGlyphList.CreateSize
 0001:000082D4       Extbtn.TGlyphList.Destroy
 0001:00008304       Extbtn.TGlyphList.AllocateIndex
 0001:00008350       Extbtn.TGlyphList.AddMasked
 0001:0000837C       Extbtn.TGlyphList.Delete
 0001:000083AC       Extbtn.TGlyphCache.Create
 0001:000083F0       Extbtn.TGlyphCache.Destroy
 0001:00008420       Extbtn.TGlyphCache.GetList
 0001:00008480       Extbtn.TGlyphCache.ReturnList
 0001:000084A4       Extbtn.TGlyphCache.Empty
 0001:000084B0       Extbtn.TButtonGlyph.Create
 0001:00008544       Extbtn.TButtonGlyph.Destroy
 0001:000085A0       Extbtn.TButtonGlyph.Invalidate
 0001:000085E8       Extbtn.TButtonGlyph.GlyphChanged
 0001:00008610       Extbtn.TButtonGlyph.SetGlyph
 0001:00008684       Extbtn.TButtonGlyph.SetNumGlyphs
 0001:000086AC       Extbtn.TButtonGlyph.CreateButtonGlyph
 0001:00008C88       Extbtn.TButtonGlyph.DrawButtonGlyph
 0001:00008D40       Extbtn.TButtonGlyph.DrawButtonText
 0001:00008E20       Extbtn.TButtonGlyph.CalcButtonLayout
 0001:00009128       Extbtn.TButtonGlyph.Draw
 0001:00009198       Extbtn.TExtBtn.Create
 0001:00009324       Extbtn.TExtBtn.Destroy
 0001:00009368       Extbtn.TExtBtn.Paint
 0001:000098EC       Extbtn.TExtBtn.UpdateMouseInControl
 0001:00009938       Extbtn.TExtBtn.UpdateTracking
 0001:0000999C       Extbtn.TExtBtn.Loaded
 0001:000099D8       Extbtn.TExtBtn.MouseDown
 0001:00009A8C       Extbtn.TExtBtn.MouseMove
 0001:00009B2C       Extbtn.TExtBtn.MouseUp
 0001:00009D00       Extbtn.TExtBtn.MouseManualUp
 0001:00009D08       Extbtn.TExtBtn.Click
 0001:00009D10       Extbtn.TExtBtn.GetPalette
 0001:00009D24       Extbtn.TExtBtn.GetGlyph
 0001:00009D30       Extbtn.TExtBtn.SetGlyph
 0001:00009D48       Extbtn.TExtBtn.GetNumGlyphs
 0001:00009D54       Extbtn.TExtBtn.SetNumGlyphs
 0001:00009D80       Extbtn.TExtBtn.GlyphChanged
 0001:00009D88       Extbtn.TExtBtn.UpdateExclusive
 0001:00009DC0       Extbtn.TExtBtn.SetDown
 0001:00009E30       Extbtn.TExtBtn.SetFlat
 0001:00009E4C       Extbtn.TExtBtn.SetGroupIndex
 0001:00009E60       Extbtn.TExtBtn.SetLayout
 0001:00009E7C       Extbtn.TExtBtn.SetMargin
 0001:00009E9C       Extbtn.TExtBtn.SetExtMargin
 0001:00009EBC       Extbtn.TExtBtn.SetSpacing
 0001:00009ED8       Extbtn.TExtBtn.SetTransparent
 0001:00009F14       Extbtn.TExtBtn.SetAllowAllUp
 0001:00009F28       Extbtn.TExtBtn.WMLButtonDblClk
 0001:00009F48       Extbtn.TExtBtn.CMEnabledChanged
 0001:00009F7C       Extbtn.TExtBtn.CMButtonPressed
 0001:00009FC8       Extbtn.TExtBtn.CMDialogChar
 0001:0000A060       Extbtn.TExtBtn.CMFontChanged
 0001:0000A068       Extbtn.TExtBtn.CMTextChanged
 0001:0000A070       Extbtn.TExtBtn.CMSysColorChange
 0001:0000A094       Extbtn.TExtBtn.CMMouseEnter
 0001:0000A0E0       Extbtn.TExtBtn.CMMouseLeave
 0001:0000A120       CopyImage
 0001:0000A1B0       Extbtn.TExtBtn.ActionChange
 0001:0000A230       Extbtn.TExtBtn.SetExtWidth
 0001:0000A260       Extbtn.TExtBtn.SetExtButton
 0001:0000A27C       Extbtn.TExtBtn.SetBevelShow
 0001:0000A298       Extbtn.TExtBtn.SetBtnColor
 0001:0000A2CC       Extbtn.TExtBtn.SetNormalColor
 0001:0000A2F4       Extbtn.TExtBtn.SetDownColor
 0001:0000A310       Extbtn.TExtBtn.SetHotTrack
 0001:0000A32C       Extbtn.TExtBtn.SetExtTransparent
 0001:0000A348       Extbtn.TExtBtn.SetThinBorder
 0001:0000A364       Extbtn.TExtBtn.SetKind
 0001:0000A424       Extbtn.Finalization
 0001:0000A454       Extbtn.initialization
 0001:0000D790       Mxctrls.TTextListBox.SetHorizontalExtent
 0001:0000D7B0       Mxctrls.TTextListBox.GetItemWidth
 0001:0000D8AC       Mxctrls.TTextListBox.ResetHorizontalExtent
 0001:0000D8FC       Mxctrls.TTextListBox.WndProc
 0001:0000DB00       Mxctrls.TMxListBoxStrings.GetCount
 0001:0000DB1C       Mxctrls.TMxListBoxStrings.Get
 0001:0000DBC0       Mxctrls.TMxListBoxStrings.GetObject
 0001:0000DC30       Mxctrls.TMxListBoxStrings.PutObject
 0001:0000DC40       Mxctrls.TMxListBoxStrings.Add
 0001:0000DCD4       Mxctrls.TMxListBoxStrings.Insert
 0001:0000DD68       Mxctrls.TMxListBoxStrings.Delete
 0001:0000DD78       Mxctrls.TMxListBoxStrings.Clear
 0001:0000DD88       Mxctrls.TMxListBoxStrings.SetUpdateState
 0001:0000DDBC       ReturnAddr
 0001:0000DDC0       Mxctrls.ListIndexError
 0001:0000DE34       Mxctrls.TMxCustomListBox.Create
 0001:0000DF0C       Mxctrls.TMxCustomListBox.Destroy
 0001:0000DF54       Mxctrls.TMxCustomListBox.CreateItemList
 0001:0000DF64       Mxctrls.TMxCustomListBox.GetItemData
 0001:0000DF84       Mxctrls.TMxCustomListBox.SetItemData
 0001:0000DFA8       Mxctrls.TMxCustomListBox.DeleteString
 0001:0000DFC8       Mxctrls.TMxCustomListBox.SetHorizontalExtent
 0001:0000DFE8       Mxctrls.TMxCustomListBox.GetItemWidth
 0001:0000E124       Mxctrls.TMxCustomListBox.ResetHorizontalExtent
 0001:0000E174       Mxctrls.TMxCustomListBox.ResetContent
 0001:0000E190       Mxctrls.TMxCustomListBox.Clear
 0001:0000E19C       Mxctrls.TMxCustomListBox.SetColumnWidth
 0001:0000E1D4       Mxctrls.TMxCustomListBox.SetColumns
 0001:0000E218       Mxctrls.TMxCustomListBox.GetItemIndex
 0001:0000E234       Mxctrls.TMxCustomListBox.GetSelCount
 0001:0000E250       Mxctrls.TMxCustomListBox.SetItemIndex
 0001:0000E27C       Mxctrls.TMxCustomListBox.SetExtendedSelect
 0001:0000E290       Mxctrls.TMxCustomListBox.SetIntegralHeight
 0001:0000E2A4       Mxctrls.TMxCustomListBox.GetAutoScroll
 0001:0000E2BC       Mxctrls.TMxCustomListBox.SetOnDrawItem
 0001:0000E34C       Mxctrls.TMxCustomListBox.SetOnGetItemWidth
 0001:0000E3DC       Mxctrls.TMxCustomListBox.SetAutoScroll
 0001:0000E440       Mxctrls.TMxCustomListBox.GetItemHeight
 0001:0000E484       Mxctrls.TMxCustomListBox.SetItemHeight
 0001:0000E49C       Mxctrls.TMxCustomListBox.SetTabWidth
 0001:0000E4B8       Mxctrls.TMxCustomListBox.SetMultiSelect
 0001:0000E4CC       Mxctrls.TMxCustomListBox.GetSelected
 0001:0000E500       Mxctrls.TMxCustomListBox.SetSelected
 0001:0000E560       Mxctrls.TMxCustomListBox.SetSorted
 0001:0000E574       Mxctrls.TMxCustomListBox.SetStyle
 0001:0000E588       Mxctrls.TMxCustomListBox.GetTopIndex
 0001:0000E5A4       Mxctrls.TMxCustomListBox.SetBorderStyle
 0001:0000E5B8       Mxctrls.TMxCustomListBox.SetTopIndex
 0001:0000E5E4       Mxctrls.TMxCustomListBox.SetGraySelection
 0001:0000E610       Mxctrls.TMxCustomListBox.SetItems
 0001:0000E620       Mxctrls.TMxCustomListBox.ItemAtPos
 0001:0000E6AC       Mxctrls.TMxCustomListBox.ItemRect
 0001:0000E710       Mxctrls.TMxCustomListBox.CreateParams
 0001:0000E7F4       Mxctrls.TMxCustomListBox.CreateWnd
 0001:0000E894       Mxctrls.TMxCustomListBox.DestroyWnd
 0001:0000E8EC       Mxctrls.TMxCustomListBox.WndProc
 0001:0000EA58       Mxctrls.TMxCustomListBox.WMLButtonDown
 0001:0000EAF4       Mxctrls.TMxCustomListBox.WMNCHitTest
 0001:0000EB18       Mxctrls.TMxCustomListBox.CNCommand
 0001:0000EB4C       PaintListBox
 0001:0000ECAC       Mxctrls.TMxCustomListBox.WMPaint
 0001:0000ECDC       Mxctrls.TMxCustomListBox.WMSize
 0001:0000ECF0       Mxctrls.TMxCustomListBox.DragCanceled
 0001:0000ED50       Mxctrls.TMxCustomListBox.DefaultDrawText
 0001:0000EDFC       Mxctrls.TMxCustomListBox.DrawItem
 0001:0000EEFC       Mxctrls.TMxCustomListBox.MeasureItem
 0001:0000EF1C       Mxctrls.TMxCustomListBox.CNDrawItem
 0001:0000F030       Mxctrls.TMxCustomListBox.CNMeasureItem
 0001:0000F058       Mxctrls.TMxCustomListBox.WMKillFocus
 0001:0000F088       Mxctrls.TMxCustomListBox.WMSetFocus
 0001:0000F0B8       Mxctrls.TMxCustomListBox.CMCtl3DChanged
 0001:0000F170       Mxctrls.TCheckListBoxItem.Create
 0001:0000F1B0       Mxctrls.TCheckListBoxItem.GetChecked
 0001:0000F2CC       Mxctrls.TCheckListBoxStrings.Exchange
 0001:0000F354       Mxctrls.TCheckListBoxStrings.Move
 0001:0000F3A8       Mxctrls.CheckBitmap
 0001:0000F3F4       Mxctrls.DestroyLocals
 0001:0000F410       Mxctrls.TMxCheckListBox.Create
 0001:0000F4DC       Mxctrls.TMxCheckListBox.Destroy
 0001:0000F534       Mxctrls.TMxCheckListBox.Loaded
 0001:0000F548       Mxctrls.TMxCheckListBox.CreateItemList
 0001:0000F558       Mxctrls.TMxCheckListBox.InternalSaveStates
 0001:0000F640       Mxctrls.TMxCheckListBox.InternalRestoreStates
 0001:0000F730       Mxctrls.TMxCheckListBox.SaveStatesReg
 0001:0000F784       Mxctrls.TMxCheckListBox.RestoreStatesReg
 0001:0000F7D8       Mxctrls.TMxCheckListBox.SaveStates
 0001:0000F82C       Mxctrls.TMxCheckListBox.RestoreStates
 0001:0000F880       Mxctrls.TMxCheckListBox.GetStorage
 0001:0000F88C       Mxctrls.TMxCheckListBox.SetStorage
 0001:0000F898       Mxctrls.TMxCheckListBox.IniSave
 0001:0000F92C       Mxctrls.TMxCheckListBox.IniLoad
 0001:0000F9C0       Mxctrls.TMxCheckListBox.ReadCheckData
 0001:0000FB10       Mxctrls.TMxCheckListBox.WriteCheckData
 0001:0000FBC4       Mxctrls.TMxCheckListBox.ReadVersion
 0001:0000FBDC       Mxctrls.TMxCheckListBox.WriteVersion
 0001:0000FBEC       DoWrite
 0001:0000FD48       Mxctrls.TMxCheckListBox.DefineProperties
 0001:0000FDE0       Mxctrls.TMxCheckListBox.CreateWnd
 0001:0000FE0C       Mxctrls.TMxCheckListBox.DestroyWnd
 0001:0000FE14       Mxctrls.TMxCheckListBox.WMDestroy
 0001:0000FEB0       Mxctrls.TMxCheckListBox.CreateParams
 0001:0000FEC8       Mxctrls.TMxCheckListBox.SetItems
 0001:0000FFA4       Mxctrls.TMxCheckListBox.GetItemWidth
 0001:0000FFC4       Mxctrls.TMxCheckListBox.GetCheckWidth
 0001:0000FFD0       Mxctrls.TMxCheckListBox.GetAllowGrayed
 0001:0000FFF0       Mxctrls.TMxCheckListBox.CMFontChanged
 0001:00010004       Mxctrls.TMxCheckListBox.GetItemHeight
 0001:0001005C       Mxctrls.TMxCheckListBox.ResetItemHeight
 0001:00010118       Mxctrls.TMxCheckListBox.DrawItem
 0001:00010288       Mxctrls.TMxCheckListBox.CNDrawItem
 0001:000102C8       Mxctrls.TMxCheckListBox.DrawCheck
 0001:00010420       Mxctrls.TMxCheckListBox.ApplyState
 0001:00010478       Mxctrls.TMxCheckListBox.GetCheckedIndex
 0001:000104BC       Mxctrls.TMxCheckListBox.SetCheckedIndex
 0001:000104F4       Mxctrls.TMxCheckListBox.UpdateCheckStates
 0001:00010570       Mxctrls.TMxCheckListBox.SetCheckKind
 0001:00010594       Mxctrls.TMxCheckListBox.SetChecked
 0001:000105A4       Mxctrls.TMxCheckListBox.SetState
 0001:0001065C       Mxctrls.TMxCheckListBox.SetItemEnabled
 0001:0001068C       Mxctrls.TMxCheckListBox.InvalidateCheck
 0001:00010704       Mxctrls.TMxCheckListBox.InvalidateItem
 0001:0001074C       Mxctrls.TMxCheckListBox.GetChecked
 0001:00010778       Mxctrls.TMxCheckListBox.GetState
 0001:000107B0       Mxctrls.TMxCheckListBox.GetItemEnabled
 0001:000107D8       Mxctrls.TMxCheckListBox.KeyPress
 0001:00010840       Mxctrls.TMxCheckListBox.MouseDown
 0001:00010904       Mxctrls.TMxCheckListBox.ToggleClickCheck
 0001:00010974       Mxctrls.TMxCheckListBox.ChangeItemState
 0001:00010994       Mxctrls.TMxCheckListBox.ClickCheck
 0001:000109B4       Mxctrls.TMxCheckListBox.GetItemData
 0001:000109E0       Mxctrls.TMxCheckListBox.GetCheckObject
 0001:00010A00       Mxctrls.TMxCheckListBox.FindCheckObject
 0001:00010A38       Mxctrls.TMxCheckListBox.CreateCheckObject
 0001:00010A60       Mxctrls.TMxCheckListBox.IsCheckObject
 0001:00010A78       Mxctrls.TMxCheckListBox.SetItemData
 0001:00010AD4       Mxctrls.TMxCheckListBox.ResetContent
 0001:00010B24       Mxctrls.TMxCheckListBox.DeleteString
 0001:00010B5C       Mxctrls.DrawShadowText
 0001:00010C60       Mxctrls.TMxCustomLabel.Create
 0001:00010CF4       Mxctrls.TMxCustomLabel.GetLabelCaption
 0001:00010D08       Mxctrls.TMxCustomLabel.GetDefaultFontColor
 0001:00010D10       Mxctrls.TMxCustomLabel.DoDrawText
 0001:00010E78       Mxctrls.TMxCustomLabel.Paint
 0001:00011008       Mxctrls.TMxCustomLabel.AdjustBounds
 0001:00011108       Mxctrls.TMxCustomLabel.SetAlignment
 0001:00011124       Mxctrls.TMxCustomLabel.SetAutoSize
 0001:00011138       Mxctrls.TMxCustomLabel.SetLayout
 0001:00011154       Mxctrls.TMxCustomLabel.SetLeftMargin
 0001:00011184       Mxctrls.TMxCustomLabel.SetRightMargin
 0001:000111B4       Mxctrls.TMxCustomLabel.SetShadowColor
 0001:000111D0       Mxctrls.TMxCustomLabel.SetShadowSize
 0001:000111F4       Mxctrls.TMxCustomLabel.SetShadowPos
 0001:00011210       Mxctrls.TMxCustomLabel.GetTransparent
 0001:0001121C       Mxctrls.TMxCustomLabel.SetFocusControl
 0001:00011244       Mxctrls.TMxCustomLabel.SetShowAccelChar
 0001:00011260       Mxctrls.TMxCustomLabel.SetTransparent
 0001:000112A0       Mxctrls.TMxCustomLabel.SetShowFocus
 0001:000112BC       Mxctrls.TMxCustomLabel.SetWordWrap
 0001:000112D0       Mxctrls.TMxCustomLabel.Notification
 0001:00011300       Mxctrls.TMxCustomLabel.MouseDown
 0001:00011340       Mxctrls.TMxCustomLabel.MouseUp
 0001:00011384       Mxctrls.TMxCustomLabel.MouseEnter
 0001:000113A4       Mxctrls.TMxCustomLabel.MouseLeave
 0001:000113C4       Mxctrls.TMxCustomLabel.UpdateTracking
 0001:00011430       Mxctrls.TMxCustomLabel.CMFocusChanged
 0001:00011478       Mxctrls.TMxCustomLabel.CMTextChanged
 0001:0001148C       Mxctrls.TMxCustomLabel.CMFontChanged
 0001:000114A0       Mxctrls.TMxCustomLabel.CMDialogChar
 0001:00011540       Mxctrls.TMxCustomLabel.WMRButtonDown
 0001:00011554       Mxctrls.TMxCustomLabel.WMRButtonUp
 0001:00011568       Mxctrls.TMxCustomLabel.CMEnabledChanged
 0001:0001157C       Mxctrls.TMxCustomLabel.CMVisibleChanged
 0001:00011598       Mxctrls.TMxCustomLabel.CMMouseEnter
 0001:000115D4       Mxctrls.TMxCustomLabel.CMMouseLeave
 0001:00011748       Mxctrls.TGlyphList.CreateSize
 0001:0001179C       Mxctrls.TGlyphList.Destroy
 0001:000117CC       Mxctrls.TGlyphList.AllocateIndex
 0001:00011818       Mxctrls.TGlyphList.Add
 0001:00011844       Mxctrls.TGlyphList.AddMasked
 0001:00011870       Mxctrls.TGlyphList.Delete
 0001:000118A0       Mxctrls.TGlyphCache.Create
 0001:000118E4       Mxctrls.TGlyphCache.Destroy
 0001:00011914       Mxctrls.TGlyphCache.GetList
 0001:00011974       Mxctrls.TGlyphCache.ReturnList
 0001:00011998       Mxctrls.TGlyphCache.Empty
 0001:000119A4       Mxctrls.TMxButtonGlyph.Create
 0001:00011A3C       Mxctrls.TMxButtonGlyph.Destroy
 0001:00011A98       Mxctrls.TMxButtonGlyph.Invalidate
 0001:00011AE4       Mxctrls.TMxButtonGlyph.GlyphChanged
 0001:00011B70       Mxctrls.TMxButtonGlyph.SetGlyph
 0001:00011B8C       Mxctrls.TMxButtonGlyph.SetNumGlyphs
 0001:00011BA8       Mxctrls.TMxButtonGlyph.MapColor
 0001:00011C20       Mxctrls.TMxButtonGlyph.CreateImageGlyph
 0001:00011F98       Mxctrls.TMxButtonGlyph.CreateButtonGlyph
 0001:000122FC       DrawMark
 0001:00012394       Mxctrls.TMxButtonGlyph.DrawPopupMark
 0001:000123E0       Mxctrls.TMxButtonGlyph.DrawButtonGlyph
 0001:00012474       Mxctrls.TMxButtonGlyph.DrawButtonImage
 0001:00012558       Mxctrls.TMxButtonGlyph.MinimizeCaption
 0001:0001266C       Mxctrls.TMxButtonGlyph.DrawButtonText
 0001:0001276C       Mxctrls.TMxButtonGlyph.CalcButtonLayout
 0001:00012C18       Mxctrls.TMxButtonGlyph.Draw
 0001:00012C5C       Mxctrls.TMxButtonGlyph.DrawEx
 0001:00012E0C       Mxctrls.DrawButtonFrame
 0001:00012FDC       Mxctrls.TButtonImage.Create
 0001:00013048       Mxctrls.TButtonImage.Destroy
 0001:00013078       Mxctrls.TButtonImage.Invalidate
 0001:00013084       Mxctrls.TButtonImage.GetNumGlyphs
 0001:0001308C       Mxctrls.TButtonImage.SetNumGlyphs
 0001:00013098       Mxctrls.TButtonImage.GetWordWrap
 0001:000130A0       Mxctrls.TButtonImage.SetWordWrap
 0001:000130A8       Mxctrls.TButtonImage.GetGlyph
 0001:000130B0       Mxctrls.TButtonImage.SetGlyph
 0001:000130BC       Mxctrls.TButtonImage.GetAlignment
 0001:000130C4       Mxctrls.TButtonImage.SetAlignment
 0001:000130CC       Mxctrls.TButtonImage.Draw
 0001:000130F8       Mxctrls.TButtonImage.DrawEx
 0001:00013228       Mxctrls.TMxPanel.Paint
 0001:0001324C       Mxctrls.TMxSpeedButton.Create
 0001:00013350       Mxctrls.TMxSpeedButton.Destroy
 0001:000133A8       Mxctrls.TMxSpeedButton.Loaded
 0001:000133E0       Mxctrls.TMxSpeedButton.PaintGlyph
 0001:00013488       Mxctrls.TMxSpeedButton.Paint
 0001:000136DC       Mxctrls.TMxSpeedButton.Notification
 0001:0001370C       Mxctrls.TMxSpeedButton.GetDropDownMenuPos
 0001:000137B8       Mxctrls.TMxSpeedButton.CheckBtnMenuDropDown
 0001:000137E0       Mxctrls.TMxSpeedButton.CheckMenuDropDown
 0001:0001385C       Mxctrls.TMxSpeedButton.MouseEnter
 0001:0001387C       Mxctrls.TMxSpeedButton.MouseLeave
 0001:0001389C       Mxctrls.TMxSpeedButton.MouseDown
 0001:00013A88       Mxctrls.TMxSpeedButton.MouseMove
 0001:00013B1C       Mxctrls.TMxSpeedButton.MouseUp
 0001:00013B68       Mxctrls.TMxSpeedButton.DoMouseUp
 0001:00013C60       Mxctrls.TMxSpeedButton.ButtonClick
 0001:00013D60       Mxctrls.TMxSpeedButton.Click
 0001:00013D84       Mxctrls.TMxSpeedButton.GetPalette
 0001:00013D98       Mxctrls.TMxSpeedButton.GetWordWrap
 0001:00013DA4       Mxctrls.TMxSpeedButton.SetWordWrap
 0001:00013DC8       Mxctrls.TMxSpeedButton.GetAlignment
 0001:00013DD4       Mxctrls.TMxSpeedButton.SetAlignment
 0001:00013DF8       Mxctrls.TMxSpeedButton.GetGlyph
 0001:00013E04       Mxctrls.TMxSpeedButton.SetGlyph
 0001:00013E1C       Mxctrls.TMxSpeedButton.GetNumGlyphs
 0001:00013E28       Mxctrls.TMxSpeedButton.SetNumGlyphs
 0001:00013E54       Mxctrls.TMxSpeedButton.GlyphChanged
 0001:00013E5C       Mxctrls.TMxSpeedButton.UpdateExclusive
 0001:00013E94       Mxctrls.TMxSpeedButton.SetDown
 0001:00013F08       Mxctrls.TMxSpeedButton.SetGroupIndex
 0001:00013F1C       Mxctrls.TMxSpeedButton.SetLayout
 0001:00013F38       Mxctrls.TMxSpeedButton.SetMargin
 0001:00013F58       Mxctrls.TMxSpeedButton.SetSpacing
 0001:00013F74       Mxctrls.TMxSpeedButton.SetAllowAllUp
 0001:00013F88       Mxctrls.TMxSpeedButton.SetAllowTimer
 0001:00013FC8       Mxctrls.TMxSpeedButton.SetDropDownMenu
 0001:00013FF0       Mxctrls.TMxSpeedButton.SetInactiveGrayed
 0001:0001400C       Mxctrls.TMxSpeedButton.SetFlat
 0001:00014028       Mxctrls.TMxSpeedButton.SetStyle
 0001:00014044       Mxctrls.TMxSpeedButton.SetMarkDropDown
 0001:00014060       Mxctrls.TMxSpeedButton.SetTransparent
 0001:0001407C       Mxctrls.TMxSpeedButton.WMRButtonDown
 0001:00014090       Mxctrls.TMxSpeedButton.WMRButtonUp
 0001:000140A4       Mxctrls.TMxSpeedButton.WMLButtonDblClk
 0001:000140D0       Mxctrls.TMxSpeedButton.CMEnabledChanged
 0001:00014118       Mxctrls.TMxSpeedButton.CMVisibleChanged
 0001:00014134       Mxctrls.TMxSpeedButton.CMMouseEnter
 0001:00014184       Mxctrls.TMxSpeedButton.CMMouseLeave
 0001:000141D4       Mxctrls.TMxSpeedButton.WMMouseMove
 0001:000141DC       Mxctrls.TMxSpeedButton.CMButtonPressed
 0001:00014254       Mxctrls.TMxSpeedButton.CMDialogChar
 0001:000142D4       Mxctrls.TMxSpeedButton.CMFontChanged
 0001:000142DC       Mxctrls.TMxSpeedButton.CMTextChanged
 0001:000142E4       Mxctrls.TMxSpeedButton.CMSysColorChange
 0001:000142FC       Mxctrls.TMxSpeedButton.UpdateTracking
 0001:0001438C       Mxctrls.TMxSpeedButton.TimerExpired
 0001:00014410       CopyImage
 0001:000144AC       Mxctrls.TMxSpeedButton.ActionChange
 0001:00014558       Mxctrls.Finalization
 0001:00014590       Mxctrls.initialization
 0001:00014C8C       Mxmenus.BtnStyle
 0001:00014CA0       Mxmenus.IsItemPopup
 0001:00014CD0       Mxmenus.MenuWndMessage
 0001:00014DCC       Mxmenus.SetDefaultMenuFont
 0001:00014E9C       Mxmenus.GetDefItemHeight
 0001:00014EB4       Mxmenus.GetMarginOffset
 0001:00014EE0       Mxmenus.MenuLine
 0001:00014F10       Mxmenus.DrawDisabledBitmap
 0001:0001511C       Mxmenus.DrawMenuBitmap
 0001:000151B4       MenuTextOut
 0001:000152D8       DrawCheckImage
 0001:0001542C       DrawGlyphCheck
 0001:00015538       UseImages
 0001:00015578       Mxmenus.DrawMenuItem
 0001:00015F44       GetTextWidth
 0001:000160F4       Mxmenus.MenuMeasureItem
 0001:000163E4       Mxmenus.TPopupList.WndProc
 0001:00016750       Mxmenus.TPopupList.Add
 0001:00016778       Mxmenus.TPopupList.Remove
 0001:00016794       Mxmenus.TMxPopupMenu.Create
 0001:000168A4       Mxmenus.TMxPopupMenu.Destroy
 0001:000168F4       Mxmenus.TMxPopupMenu.Loaded
 0001:00016914       Mxmenus.TMxPopupMenu.Notification
 0001:00016944       Mxmenus.TMxPopupMenu.ImageListChange
 0001:00016964       Mxmenus.TMxPopupMenu.SetImages
 0001:000169C8       Mxmenus.FindPopupControl
 0001:000169F8       Mxmenus.TMxPopupMenu.SetBiDiModeFromPopupControl
 0001:00016A40       Mxmenus.TMxPopupMenu.UseRightToLeftAlignment
 0001:00016A90       Mxmenus.TMxPopupMenu.Popup
 0001:00016BA4       Mxmenus.TMxPopupMenu.Refresh
 0001:00016BBC       Mxmenus.TMxPopupMenu.IsOwnerDrawMenu
 0001:00016BE8       Mxmenus.TMxPopupMenu.RefreshMenu
 0001:00016C00       Mxmenus.TMxPopupMenu.SetStyle
 0001:00016C24       Mxmenus.TMxPopupMenu.DefaultDrawItem
 0001:00016D0C       Mxmenus.TMxPopupMenu.DrawItem
 0001:00016E40       Mxmenus.TMxPopupMenu.MeasureItem
 0001:00016E6C       Mxmenus.TMxPopupMenu.WndMessage
 0001:00016E94       Mxmenus.TMxPopupMenu.GetItemParams
 0001:00016F08       Mxmenus.TMxPopupMenu.GetImageIndex
 0001:00016F68       Mxmenus.TMxPopupMenu.DefaultDrawMargin
 0001:00016FF0       Mxmenus.TMxPopupMenu.DrawMargin
 0001:00017034       Mxmenus.TMxPopupMenu.WMDrawItem
 0001:00017204       Mxmenus.TMxPopupMenu.WMMeasureItem
 0001:000173B4       Mxmenus.Finalization
 0001:000173F8       Mxmenus.initialization
 0001:0001740C       Mxpropsed.TFormPropsDlg
 0001:000177C8       Mxpropsed.TFormStorageEditor
 0001:00017874       Mxpropsed.TStoredPropsProperty
 0001:00017944       Mxpropsed.TFormStorageEditor.ExecuteVerb
 0001:000179D4       Mxpropsed.TFormStorageEditor.GetVerb
 0001:000179F4       Mxpropsed.TFormStorageEditor.GetVerbCount
 0001:000179FC       Mxpropsed.TStoredPropsProperty.GetAttributes
 0001:00017A28       Mxpropsed.TStoredPropsProperty.GetValue
 0001:00017A98       Mxpropsed.TStoredPropsProperty.Edit
 0001:00017AE0       Mxpropsed.ShowStorageDesigner
 0001:00017CBC       mxPropsEd._16398
 0001:00017CF0       Mxpropsed.TFormPropsDlg.ListToIndex
 0001:00017D58       Mxpropsed.TFormPropsDlg.UpdateCurrent
 0001:00017E1C       Mxpropsed.TFormPropsDlg.DeleteProp
 0001:00017FB4       Mxpropsed.TFormPropsDlg.FindProp
 0001:00018020       Mxpropsed.TFormPropsDlg.ClearLists
 0001:0001809C       Mxpropsed.TFormPropsDlg.AddItem
 0001:00018204       Mxpropsed.TFormPropsDlg.CheckAddItem
 0001:0001823C       Mxpropsed.TFormPropsDlg.BuildLists
 0001:00018470       Mxpropsed.TFormPropsDlg.SetStoredList
 0001:000184A8       Mxpropsed.TFormPropsDlg.CheckButtons
 0001:00018590       Mxpropsed.TFormPropsDlg.AddButtonClick
 0001:00018630       Mxpropsed.TFormPropsDlg.ClearButtonClick
 0001:00018668       Mxpropsed.TFormPropsDlg.DeleteButtonClick
 0001:00018684       Mxpropsed.TFormPropsDlg.ListClick
 0001:00018698       Mxpropsed.TFormPropsDlg.FormDestroy
 0001:000186A0       Mxpropsed.TFormPropsDlg.StoredListClick
 0001:000186A8       Mxpropsed.TFormPropsDlg.UpBtnClick
 0001:000186E4       Mxpropsed.TFormPropsDlg.DownBtnClick
 0001:00018720       Mxpropsed.TFormPropsDlg.StoredListDragOver
 0001:00018758       Mxpropsed.TFormPropsDlg.StoredListDragDrop
 0001:000187B0       Mxpropsed.TFormPropsDlg.PropertiesListDblClick
 0001:000187D0       Mxpropsed.Finalization
 0001:00018800       Mxpropsed.initialization
 0001:000191A0       Mxplacemnt.TFormPlacement.Create
 0001:00019260       Mxplacemnt.TFormPlacement.Destroy
 0001:000192E0       Mxplacemnt.TFormPlacement.Loaded
 0001:00019310       Mxplacemnt.TFormPlacement.AddLink
 0001:00019328       Mxplacemnt.TFormPlacement.NotifyLinks
 0001:00019368       Mxplacemnt.TFormPlacement.RemoveLink
 0001:00019378       Mxplacemnt.TFormPlacement.GetForm
 0001:000193A8       Mxplacemnt.TFormPlacement.SetEvents
 0001:0001944C       Mxplacemnt.TFormPlacement.RestoreEvents
 0001:000194A8       Mxplacemnt.TFormPlacement.SetHook
 0001:000194DC       Mxplacemnt.TFormPlacement.ReleaseHook
 0001:000194E8       Mxplacemnt.TFormPlacement.CheckToggleHook
 0001:00019510       Mxplacemnt.TFormPlacement.CheckMinMaxInfo
 0001:00019520       Mxplacemnt.TFormPlacement.MinMaxInfoModified
 0001:0001953C       Mxplacemnt.TFormPlacement.SetWinMinMaxInfo
 0001:00019548       Mxplacemnt.TFormPlacement.WndMessage
 0001:000197D8       Mxplacemnt.TFormPlacement.FormShow
 0001:00019848       Mxplacemnt.TFormPlacement.FormCloseQuery
 0001:000198DC       Mxplacemnt.TFormPlacement.FormDestroy
 0001:00019964       Mxplacemnt.TFormPlacement.UpdatePlacement
 0001:00019A88       Mxplacemnt.TFormPlacement.UpdatePreventResize
 0001:00019B9C       Mxplacemnt.TFormPlacement.SetPreventResize
 0001:00019BC8       Mxplacemnt.TFormPlacement.GetIniFile
 0001:00019BD8       Mxplacemnt.TFormPlacement.GetIniFileName
 0001:00019C10       Mxplacemnt.TFormPlacement.SetIniFileName
 0001:00019C1C       Mxplacemnt.TFormPlacement.GetIniSection
 0001:00019C48       Mxplacemnt.TFormPlacement.SetIniSection
 0001:00019C54       Mxplacemnt.TFormPlacement.Save
 0001:00019C74       Mxplacemnt.TFormPlacement.Restore
 0001:00019C94       Mxplacemnt.TFormPlacement.SavePlacement
 0001:00019E60       Mxplacemnt.TFormPlacement.RestorePlacement
 0001:00019F20       Mxplacemnt.TFormPlacement.IniNeeded
 0001:0001A050       Mxplacemnt.TFormPlacement.IniFree
 0001:0001A078       Mxplacemnt.TFormPlacement.DoReadString
 0001:0001A100       Mxplacemnt.TFormPlacement.ReadString
 0001:0001A168       Mxplacemnt.TFormPlacement.DoWriteString
 0001:0001A1E8       Mxplacemnt.TFormPlacement.WriteString
 0001:0001A240       Mxplacemnt.TFormPlacement.ReadInteger
 0001:0001A31C       Mxplacemnt.TFormPlacement.WriteInteger
 0001:0001A3E8       Mxplacemnt.TFormPlacement.EraseSections
 0001:0001A5B0       Mxplacemnt.TFormPlacement.SaveFormPlacement
 0001:0001A648       Mxplacemnt.TFormPlacement.RestoreFormPlacement
 0001:0001A7CC       Mxplacemnt.TWinMinMaxInfo.Assign
 0001:0001A80C       Mxplacemnt.TWinMinMaxInfo.GetMinMaxInfo
 0001:0001A860       Mxplacemnt.TWinMinMaxInfo.SetMinMaxInfo
 0001:0001A8DC       Mxplacemnt.TWinMinMaxInfo.DefaultMinMaxInfo
 0001:0001A918       Mxplacemnt.TFormStorage.Create
 0001:0001A984       Mxplacemnt.TFormStorage.Destroy
 0001:0001A9D0       Mxplacemnt.TFormStorage.SetNotification
 0001:0001AA08       Mxplacemnt.TFormStorage.SetStoredProps
 0001:0001AA20       Mxplacemnt.TFormStorage.SetStoredValues
 0001:0001AA30       Mxplacemnt.TFormStorage.GetStoredValue
 0001:0001AA4C       Mxplacemnt.TFormStorage.SetStoredValue
 0001:0001AAAC       Mxplacemnt.TFormStorage.Loaded
 0001:0001AAC8       Mxplacemnt.TFormStorage.WriteState
 0001:0001AAEC       Mxplacemnt.TFormStorage.Notification
 0001:0001AB50       Mxplacemnt.TFormStorage.SaveProperties
 0001:0001AC28       Mxplacemnt.TFormStorage.RestoreProperties
 0001:0001AD00       Mxplacemnt.TFormStorage.SavePlacement
 0001:0001AD20       Mxplacemnt.TFormStorage.RestorePlacement
 0001:0001AD44       Mxplacemnt.TIniLink.Destroy
 0001:0001AD84       Mxplacemnt.TIniLink.GetIniObject
 0001:0001AD98       Mxplacemnt.TIniLink.GetRootSection
 0001:0001ADDC       Mxplacemnt.TIniLink.SetStorage
 0001:0001AE04       Mxplacemnt.TIniLink.SaveToIni
 0001:0001AE18       Mxplacemnt.TIniLink.LoadFromIni
 0001:0001AE2C       Mxplacemnt.TStoredValue.Create
 0001:0001AEB0       Mxplacemnt.TStoredValue.Assign
 0001:0001AF08       Mxplacemnt.TStoredValue.GetDisplayName
 0001:0001AF30       Mxplacemnt.TStoredValue.SetDisplayName
 0001:0001AFD4       Mxplacemnt.TStoredValue.GetStoredValues
 0001:0001AFF8       Mxplacemnt.TStoredValue.Clear
 0001:0001B048       Mxplacemnt.TStoredValue.IsValueStored
 0001:0001B058       Mxplacemnt.TStoredValue.Save
 0001:0001B104       Mxplacemnt.TStoredValue.Restore
 0001:0001B1E8       Mxplacemnt.TStoredValues.Create
 0001:0001B224       Mxplacemnt.TStoredValues.IndexOf
 0001:0001B264       Mxplacemnt.TStoredValues.GetItem
 0001:0001B278       Mxplacemnt.TStoredValues.SetItem
 0001:0001B280       Mxplacemnt.TStoredValues.GetStoredValue
 0001:0001B2A8       Mxplacemnt.TStoredValues.SetStoredValue
 0001:0001B334       Mxplacemnt.TStoredValues.GetValue
 0001:0001B354       Mxplacemnt.TStoredValues.SetValue
 0001:0001B37C       Mxplacemnt.TStoredValues.SaveValues
 0001:0001B3A8       Mxplacemnt.TStoredValues.RestoreValues
 0001:0001B3D4       Mxplacemnt.Finalization
 0001:0001B404       Mxplacemnt.initialization
 0001:0001B40C       Mxapputils.GetDefaultSection
 0001:0001B594       Mxapputils.GetDefaultIniName
 0001:0001B620       Mxapputils.GetDefaultIniRegKey
 0001:0001B708       Mxapputils.GetDefaultIniData
 0001:0001B824       Mxapputils.FindForm
 0001:0001B878       Mxapputils.InternalFindShowForm
 0001:0001B980       Mxapputils.FindShowForm
 0001:0001B988       Mxapputils.ShowDialog
 0001:0001B9F0       Mxapputils.InstantiateForm
 0001:0001BA0C       Mxapputils.StrToIniStr
 0001:0001BB40       Mxapputils.IniStrToStr
 0001:0001BC5C       Mxapputils.IniReadString
 0001:0001BCCC       Mxapputils.IniWriteString
 0001:0001BDC4       Mxapputils.IniReadInteger
 0001:0001BE20       Mxapputils.IniWriteInteger
 0001:0001BE78       Mxapputils.IniReadBool
 0001:0001BED4       Mxapputils.IniWriteBool
 0001:0001BF2C       Mxapputils.IniEraseSection
 0001:0001BF6C       Mxapputils.IniDeleteKey
 0001:0001BFB4       Mxapputils.IniReadSections
 0001:0001BFF4       Mxapputils.InternalSaveMDIChildren
 0001:0001C178       Mxapputils.InternalRestoreMDIChildren
 0001:0001C2E0       Mxapputils.SaveMDIChildrenReg
 0001:0001C2E8       Mxapputils.RestoreMDIChildrenReg
 0001:0001C2F0       Mxapputils.SaveMDIChildren
 0001:0001C2F8       Mxapputils.RestoreMDIChildren
 0001:0001C300       Mxapputils.InternalSaveGridLayout
 0001:0001C39C       Mxapputils.InternalRestoreGridLayout
 0001:0001C444       Mxapputils.RestoreGridLayoutReg
 0001:0001C498       Mxapputils.SaveGridLayoutReg
 0001:0001C4EC       Mxapputils.RestoreGridLayout
 0001:0001C540       Mxapputils.SaveGridLayout
 0001:0001C594       Mxapputils.CrtResString
 0001:0001C5E4       Mxapputils.ReadPosStr
 0001:0001C66C       Mxapputils.WritePosStr
 0001:0001C6EC       Mxapputils.InternalWriteFormPlacement
 0001:0001C8E4       Mxapputils.WriteFormPlacementReg
 0001:0001C8EC       Mxapputils.WriteFormPlacement
 0001:0001C8F4       Mxapputils.SaveFormPlacement
 0001:0001CBB8       Mxapputils.InternalReadFormPlacement
 0001:0001D048       Mxapputils.ReadFormPlacementReg
 0001:0001D060       Mxapputils.ReadFormPlacement
 0001:0001D078       Mxapputils.RestoreFormPlacement
 0001:0001D144       Mxapputils.GetUniqueFileNameInDir
 0001:0001D1F0       Mxapputils.AppBroadcast
 0001:0001D23C       Mxapputils.AppTaskbarIcons
 0001:0001D28C       Mxapputils.Finalization
 0001:0001D2C8       Mxapputils.initialization
 0001:0001D2D0       Mxmaxmin.SwapInt
 0001:0001D2DC       Mxmaxmin.SwapInt64
 0001:0001D304       Mxmaxmin.SwapLong
 0001:0001D310       Mxmaxmin.Max
 0001:0001D318       Mxmaxmin.Min
 0001:0001D320       Mxmaxmin.MaxInteger
 0001:0001D33C       Mxmaxmin.MinInteger
 0001:0001D358       Mxmaxmin.MaxInt64
 0001:0001D3A4       Mxmaxmin.MinInt64
 0001:0001D3F0       Mxmaxmin.MaxFloat
 0001:0001D440       Mxmaxmin.MinFloat
 0001:0001D490       Mxmaxmin.MaxDateTime
 0001:0001D4CC       Mxmaxmin.MinDateTime
 0001:0001D508       Mxmaxmin.MaxOf
 0001:0001D540       Mxmaxmin.MinOf
 0001:0001D578       Mxmaxmin.Finalization
 0001:0001D5A8       Mxmaxmin.initialization
 0001:0001D708       Mxvclutils.ResourceNotFound
 0001:0001D7B4       Mxvclutils.MakeModuleBitmap
 0001:0001D898       Mxvclutils.MakeBitmap
 0001:0001D8A8       Mxvclutils.MakeBitmapID
 0001:0001D8B8       Mxvclutils.AssignBitmapCell
 0001:0001DB6C       Mxvclutils.CopyParentImage
 0001:0001DE58       Mxvclutils.StretchBltTransparent
 0001:0001E174       Mxvclutils.DrawTransparentBitmapRect
 0001:0001E208       Mxvclutils.DrawTransparentBitmap
 0001:0001E260       Mxvclutils.StretchBitmapTransparent
 0001:0001E420       Mxvclutils.StretchBitmapRectTransparent
 0001:0001E464       Mxvclutils.DrawBitmapRectTransparent
 0001:0001E4B0       Mxvclutils.DrawBitmapTransparent
 0001:0001E500       Mxvclutils.ChangeBitmapColor
 0001:0001E5D4       Mxvclutils.CreateDisabledBitmapEx
 0001:0001E83C       Mxvclutils.CreateDisabledBitmap
 0001:0001E854       Mxvclutils.ImageListDrawDisabled
 0001:0001EA08       Mxvclutils.CreateTwoColorsBrushPattern
 0001:0001EAD0       Mxvclutils.MakeIcon
 0001:0001EAE0       Mxvclutils.MakeIconID
 0001:0001EAF0       Mxvclutils.MakeModuleIcon
 0001:0001EB30       Mxvclutils.CreateBitmapFromIcon
 0001:0001EC04       Mxvclutils.CreateIconFromBitmap
 0001:0001ECD8       Mxvclutils.DialogUnitsToPixelsX
 0001:0001ECF0       Mxvclutils.DialogUnitsToPixelsY
 0001:0001ED0C       Mxvclutils.PixelsToDialogUnitsX
 0001:0001ED28       Mxvclutils.PixelsToDialogUnitsY
 0001:0001EE88       Mxvclutils.LoadDLL
 0001:0001EEC0       Mxvclutils.RegisterServer
 0001:0001EF38       Mxvclutils.Beep
 0001:0001EF40       Mxvclutils.FreeUnusedOle
 0001:0001EF60       Mxvclutils.NotImplemented
 0001:0001EFCC       Mxvclutils.PaintInverseRect
 0001:0001F038       Mxvclutils.DrawInvertFrame
 0001:0001F0AC       Mxvclutils.WidthOf
 0001:0001F0C8       Mxvclutils.HeightOf
 0001:0001F0E4       Mxvclutils.PointInRect
 0001:0001F108       Mxvclutils.PointInPolyRgn
 0001:0001F16C       Mxvclutils.PaletteColor
 0001:0001F180       Mxvclutils.KillMessage
 0001:0001F1BC       Mxvclutils.CreateRotatedFont
 0001:0001F32C       Mxvclutils.Delay
 0001:0001F358       Mxvclutils.PaletteEntries
 0001:0001F368       Mxvclutils.CenterControl
 0001:0001F464       Mxvclutils.FitRectToScreen
 0001:0001F4D4       Mxvclutils.CenterWindow
 0001:0001F558       Mxvclutils.MergeForm
 0001:0001F62C       Mxvclutils.ShowMDIClientEdge
 0001:0001F678       Mxvclutils.MakeVariant
 0001:0001F6B4       Mxvclutils.ShadeRect
 0001:0001F788       Mxvclutils.ScreenWorkArea
 0001:0001F7C4       Mxvclutils.WindowClassName
 0001:0001F7F4       Mxvclutils.GetAnimation
 0001:0001F824       Mxvclutils.SetAnimation
 0001:0001F84C       Mxvclutils.ShowWinNoAnimate
 0001:0001F87C       Mxvclutils.SwitchToWindow
 0001:0001F8C8       Mxvclutils.GetWindowParent
 0001:0001F8D4       Mxvclutils.ActivateWindow
 0001:0001F8F0       Mxvclutils.FindPrevInstance
 0001:0001F9B8       Mxvclutils.WindowsEnum
 0001:0001FA30       Mxvclutils.ActivatePrevInstance
 0001:0001FB60       Mxvclutils.MsgBox
 0001:0001FBCC       Mxvclutils.MsgDlg
 0001:0001FBF4       Mxvclutils.GradientFillRect
 0001:0001FF40       Mxvclutils.MinimizeText
 0001:0001FFF8       Mxvclutils.GetAveCharSize
 0001:0002004C       Mxvclutils.AllocMemo
 0001:0002006C       Mxvclutils.ReallocMemo
 0001:00020084       Mxvclutils.FreeMemo
 0001:0002009C       Mxvclutils.GetMemoSize
 0001:000200BC       Mxvclutils.CompareMem
 0001:000200DC       Mxvclutils.HugeInc
 0001:000200E4       Mxvclutils.HugeDec
 0001:000200EC       Mxvclutils.HugeOffset
 0001:000200F4       Mxvclutils.HMemCpy
 0001:000200FC       Mxvclutils.HugeMove
 0001:00020124       Mxvclutils.GetEnvVar
 0001:0002016C       Mxvclutils.GetParamStr
 0001:000201D8       Mxvclutils.ParamCountFromCommandLine
 0001:0002022C       Mxvclutils.ParamStrFromCommandLine
 0001:00020250       Mxvclutils.SplitCommandLine
 0001:00020388       Mxvclutils.AnsiUpperFirstChar
 0001:00020458       Mxvclutils.StrPAlloc
 0001:00020474       Mxvclutils.StringToPChar
 0001:00020480       Mxvclutils.DropT
 0001:000204BC       Mxvclutils.LoadAniCursor
 0001:00020688       Mxvclutils.DefineCursor
 0001:00020768       Mxvclutils.StartWait
 0001:0002079C       Mxvclutils.StopWait
 0001:000207C8       Mxvclutils.UsesBitmap
 0001:000207E4       Mxvclutils.ReleaseBitmap
 0001:00020800       Mxvclutils.WriteText
 0001:00020A68       Mxvclutils.DrawCellTextEx
 0001:00020B08       Mxvclutils.DrawCellText
 0001:00020B38       Mxvclutils.DrawCellTextEx
 0001:00020BD4       Mxvclutils.DrawCellText
 0001:00020C00       Mxvclutils.DrawCellBitmap
 0001:00020C64       Mxvclutils.TScreenCanvas.Destroy
 0001:00020C90       Mxvclutils.TScreenCanvas.CreateHandle
 0001:00020CB0       Mxvclutils.TScreenCanvas.FreeHandle
 0001:00020CD4       Mxvclutils.TScreenCanvas.SetOrigin
 0001:00020CFC       Mxvclutils.RaiseWin32Error
 0001:00020D90       Mxvclutils.CheckWin32
 0001:00020DA8       Mxvclutils.ResStr
 0001:00020DBC       Mxvclutils.CheckTaskWindow
 0001:00020DDC       Mxvclutils.IsForegroundTask
 0001:00020E08       Mxvclutils.GetWindowsVersion
 0001:00020F84       Mxvclutils.Finalization
 0001:00020FBC       Mxvclutils.initialization
 0001:00020FC4       Mxconst.Finalization
 0001:00020FF4       Mxconst.initialization
 0001:0002105C       Mxstrutils.StrToOem
 0001:000210A0       Mxstrutils.OemToAnsiStr
 0001:000210E4       Mxstrutils.IsEmptyStr
 0001:0002111C       Mxstrutils.ReplaceStr
 0001:000211E0       Mxstrutils.DelSpace
 0001:000211F4       Mxstrutils.DelChars
 0001:00021234       Mxstrutils.DelBSpace
 0001:00021268       Mxstrutils.DelESpace
 0001:0002129C       Mxstrutils.DelRSpace
 0001:000212EC       Mxstrutils.DelSpace1
 0001:00021334       Mxstrutils.Tab2Space
 0001:000213D4       Mxstrutils.MakeStr
 0001:0002140C       Mxstrutils.MS
 0001:00021424       Mxstrutils.NPos
 0001:000214C0       Mxstrutils.AddChar
 0001:00021544       Mxstrutils.AddCharR
 0001:000215C8       Mxstrutils.LeftStr
 0001:000215E4       Mxstrutils.RightStr
 0001:00021600       Mxstrutils.CompStr
 0001:0002163C       Mxstrutils.CompText
 0001:00021678       Mxstrutils.Copy2Symb
 0001:000216EC       Mxstrutils.Copy2SymbDel
 0001:00021774       Mxstrutils.Copy2Space
 0001:00021788       Mxstrutils.Copy2SpaceDel
 0001:0002179C       Mxstrutils.AnsiProperCase
 0001:00021868       Mxstrutils.WordCount
 0001:000218C0       Mxstrutils.WordPosition
 0001:00021948       Mxstrutils.ExtractWord
 0001:000219BC       Mxstrutils.ExtractWordPos
 0001:00021A34       Mxstrutils.ExtractDelimited
 0001:00021AC0       Mxstrutils.ExtractSubstr
 0001:00021B30       Mxstrutils.IsWordPresent
 0001:00021BBC       Mxstrutils.QuotedString
 0001:00021BD4       Mxstrutils.ExtractQuotedString
 0001:00021C0C       Mxstrutils.Numb2USA
 0001:00021C6C       Mxstrutils.CenterStr
 0001:00021D18       Mxstrutils.Dec2Hex
 0001:00021D34       Mxstrutils.D2H
 0001:00021D50       Mxstrutils.Hex2Dec
 0001:00021DCC       Mxstrutils.H2D
 0001:00021DD4       Mxstrutils.Dec2Numb
 0001:00021EC4       Mxstrutils.Numb2Dec
 0001:00021F88       Mxstrutils.RomanToInt
 0001:00022090       Mxstrutils.IntToRoman
 0001:00022278       Mxstrutils.IntToBin
 0001:0002231C       Mxstrutils.FindPart
 0001:000223C8       SearchNext
 0001:00022400       Mxstrutils.IsWild
 0001:0002269C       Mxstrutils.XorString
 0001:000226F0       Mxstrutils.XorEncode
 0001:000227C4       Mxstrutils.XorDecode
 0001:000228C0       Mxstrutils.GetCmdLineArg
 0001:000229C4       Mxstrutils.Finalization
 0001:000229F4       Mxstrutils.initialization
 0001:000229FC       Mxclipicon.CreateBitmapFromIcon
 0001:00022AFC       Mxclipicon.CopyIconToClipboard
 0001:00022CB8       Mxclipicon.AssignClipboardIcon
 0001:00022DC8       Mxclipicon.CreateIconFromClipboard
 0001:00022E38       Mxclipicon.OutOfResources
 0001:00022EA0       Mxclipicon.WidthBytes
 0001:00022EB4       Mxclipicon.GetDInColors
 0001:00022ED4       Mxclipicon.DupBits
 0001:00023010       Mxclipicon.TwoBitsFromDIB
 0001:00023200       Mxclipicon.ReadIcon
 0001:000234CC       Mxclipicon.GetIconSize
 0001:00023598       Mxclipicon.CreateRealSizeIcon
 0001:00023650       Mxclipicon.DrawRealSizeIcon
 0001:000236CC       Mxclipicon.Finalization
 0001:000236FC       Mxclipicon.initialization
 0001:0002373C       Mxboxprocs.BoxItems
 0001:00023778       Mxboxprocs.BoxGetSelected
 0001:000237BC       Mxboxprocs.BoxSetSelected
 0001:00023804       Mxboxprocs.BoxGetItemIndex
 0001:00023844       Mxboxprocs.BoxSetItemIndex
 0001:00023888       Mxboxprocs.BoxMultiSelect
 0001:000238C4       Mxboxprocs.BoxSelCount
 0001:00023904       Mxboxprocs.BoxItemAtPos
 0001:0002395C       Mxboxprocs.BoxItemRect
 0001:000239B4       Mxboxprocs.BoxMoveSelected
 0001:00023A64       Mxboxprocs.BoxGetFirstSelection
 0001:00023AA8       Mxboxprocs.BoxSetItem
 0001:00023B18       Mxboxprocs.BoxMoveSelectedItems
 0001:00023C84       Mxboxprocs.BoxMoveAllItems
 0001:00023D68       Mxboxprocs.BoxCanDropItem
 0001:00023DDC       DrawItemFocusRect
 0001:00023E60       Mxboxprocs.BoxDragOver
 0001:00023F20       Mxboxprocs.BoxMoveFocusedItem
 0001:00023F6C       Mxboxprocs.Finalization
 0001:00023F9C       Mxboxprocs.initialization
 0001:00023FA4       Mxlconst.Finalization
 0001:00023FD4       Mxlconst.initialization
 0001:000241D4       Mxprops.GetPropType
 0001:000241DC       Mxprops.TPropInfoList.Create
 0001:00024268       Mxprops.TPropInfoList.Destroy
 0001:00024290       Mxprops.TPropInfoList.Contains
 0001:00024338       Mxprops.TPropInfoList.Find
 0001:000243C0       Mxprops.TPropInfoList.Delete
 0001:000243F0       Mxprops.TPropInfoList.Get
 0001:000243F8       Mxprops.TPropInfoList.Intersect
 0001:0002442C       Mxprops.CreateStoredItem
 0001:00024468       Mxprops.ParseStoredItem
 0001:00024560       Mxprops.ReplaceComponentName
 0001:000245CC       Mxprops.UpdateStoredList
 0001:000246F4       Mxprops.FindGlobalComponent
 0001:00024774       Mxprops.TPropsStorage.GetItemName
 0001:00024790       Mxprops.TPropsStorage.LoadAnyProperty
 0001:00024A60       Mxprops.TPropsStorage.StoreAnyProperty
 0001:00024BF0       Mxprops.TPropsStorage.StoreIntegerProperty
 0001:00024C10       Mxprops.TPropsStorage.StoreCharProperty
 0001:00024C30       Mxprops.TPropsStorage.StoreEnumProperty
 0001:00024C58       Mxprops.TPropsStorage.StoreFloatProperty
 0001:00024D04       Mxprops.TPropsStorage.StoreStringProperty
 0001:00024D20       Mxprops.TPropsStorage.StoreLStringProperty
 0001:00024D3C       Mxprops.TPropsStorage.StoreWCharProperty
 0001:00024D5C       Mxprops.TPropsStorage.StoreVariantProperty
 0001:00024DBC       Mxprops.TPropsStorage.StoreInt64Property
 0001:00024DDC       Mxprops.TPropsStorage.StoreSetProperty
 0001:00024EC0       Mxprops.TPropsStorage.StoreStringsProperty
 0001:0002504C       Mxprops.TPropsStorage.StoreComponentProperty
 0001:000251A8       StoreObjectProps
 0001:0002527C       Mxprops.TPropsStorage.StoreClassProperty
 0001:000255AC       Mxprops.TPropsStorage.LoadIntegerProperty
 0001:000255D0       Mxprops.TPropsStorage.LoadCharProperty
 0001:000255E0       Mxprops.TPropsStorage.LoadEnumProperty
 0001:00025678       Mxprops.TPropsStorage.LoadFloatProperty
 0001:00025708       Mxprops.TPropsStorage.LoadInt64Property
 0001:0002572C       Mxprops.TPropsStorage.LoadLStringProperty
 0001:00025738       Mxprops.TPropsStorage.LoadWCharProperty
 0001:00025748       Mxprops.TPropsStorage.LoadVariantProperty
 0001:000257A8       Mxprops.TPropsStorage.LoadStringProperty
 0001:000257B4       Mxprops.TPropsStorage.LoadSetProperty
 0001:000258BC       Mxprops.TPropsStorage.LoadStringsProperty
 0001:00025A88       Mxprops.TPropsStorage.LoadComponentProperty
 0001:00025BCC       LoadObjectProps
 0001:00025C8C       Mxprops.TPropsStorage.LoadClassProperty
 0001:00025FC4       Mxprops.TPropsStorage.StoreProperties
 0001:0002608C       Mxprops.TPropsStorage.LoadProperties
 0001:00026154       Mxprops.TPropsStorage.CreateInfoList
 0001:00026250       Mxprops.TPropsStorage.FreeInfoLists
 0001:00026284       Mxprops.TPropsStorage.LoadObjectsProps
 0001:000263D4       Mxprops.TPropsStorage.StoreObjectsProps
 0001:00026524       Mxprops.TPropsStorage.CreateStorage
 0001:00026534       Mxprops.TPropsStorage.ReadString
 0001:00026570       Mxprops.TPropsStorage.WriteString
 0001:0002658C       Mxprops.TPropsStorage.EraseSection
 0001:000265A0       Mxprops.Finalization
 0001:000265DC       Mxprops.initialization
 0001:00026A04       Mxhook.GetHookList
 0001:00026A24       Mxhook.DropHookList
 0001:00026A38       Mxhook.TControlHook.Create
 0001:00026A94       Mxhook.TControlHook.Destroy
 0001:00026B1C       Mxhook.TControlHook.AddHook
 0001:00026B54       Mxhook.TControlHook.RemoveHook
 0001:00026B78       Mxhook.TControlHook.NotifyHooks
 0001:00026C74       Mxhook.TControlHook.HookControl
 0001:00026CCC       Mxhook.TControlHook.UnhookControl
 0001:00026D18       Mxhook.TControlHook.HookWndProc
 0001:00026E50       Mxhook.TControlHook.SetWinControl
 0001:00026E78       Mxhook.THookList.Create
 0001:00026EBC       Mxhook.THookList.Destroy
 0001:00026F00       Mxhook.THookList.WndProc
 0001:00026FB4       Mxhook.THookList.FindControlHook
 0001:00026FF0       Mxhook.THookList.GetControlHook
 0001:00027068       Mxhook.TRxWindowHook.Create
 0001:000270A4       Mxhook.TRxWindowHook.Destroy
 0001:000270DC       Mxhook.TRxWindowHook.SetActive
 0001:000270F4       Mxhook.TRxWindowHook.GetHookHandle
 0001:0002710C       Mxhook.TRxWindowHook.HookControl
 0001:00027138       Mxhook.TRxWindowHook.DoUnhookControl
 0001:00027158       Mxhook.TRxWindowHook.UnhookControl
 0001:00027168       Mxhook.TRxWindowHook.NotIsForm
 0001:00027194       Mxhook.TRxWindowHook.IsForm
 0001:000271CC       Mxhook.TRxWindowHook.ReadForm
 0001:00027200       Mxhook.TRxWindowHook.WriteForm
 0001:0002721C       DoWrite
 0001:00027260       Mxhook.TRxWindowHook.DefineProperties
 0001:000272B8       Mxhook.TRxWindowHook.GetWinControl
 0001:000272C8       Mxhook.TRxWindowHook.DoAfterMessage
 0001:000272E0       Mxhook.TRxWindowHook.DoBeforeMessage
 0001:000272F8       Mxhook.TRxWindowHook.Notification
 0001:00027344       Mxhook.TRxWindowHook.SetWinControl
 0001:000273B0       Mxhook.GetVirtualMethodAddress
 0001:000273BC       Mxhook.SetVirtualMethodAddress
 0001:00027434       Mxhook.FindVirtualMethodIndex
 0001:00027454       Mxhook.Finalization
 0001:0002748C       Mxhook.initialization
 0001:00027750       Mxfileutil.ExplorerHook
 0001:000277B4       Mxfileutil.TBrowseFolderDlg.Create
 0001:00027814       Mxfileutil.TBrowseFolderDlg.Destroy
 0001:00027848       Mxfileutil.TBrowseFolderDlg.DoInitialized
 0001:00027998       Mxfileutil.TBrowseFolderDlg.DoSelChanged
 0001:00027A5C       Mxfileutil.TBrowseFolderDlg.SetSelPath
 0001:00027A84       Mxfileutil.TBrowseFolderDlg.SetOkEnable
 0001:00027AA0       Mxfileutil.TBrowseFolderDlg.DefaultHandler
 0001:00027AD8       Mxfileutil.TBrowseFolderDlg.WndProc
 0001:00027AE0       Mxfileutil.TBrowseFolderDlg.WMCommand
 0001:00027B14       Mxfileutil.TBrowseFolderDlg.WMNCDestroy
 0001:00027B28       Mxfileutil.TBrowseFolderDlg.Execute
 0001:00027D04       Mxfileutil.TBrowseFolderDlg.TaskModalDialog
 0001:00027D9C       Mxfileutil.BrowseDirectory
 0001:00027E5C       Mxfileutil.BrowseComputer
 0001:000281B8       Mxfileutil.TRxFileOperator.Create
 0001:000281FC       Mxfileutil.TRxFileOperator.TaskModalDialog
 0001:00028260       AllocFileStr
 0001:000282B0       Mxfileutil.TRxFileOperator.Execute
 0001:000283C8       Mxfileutil.NormalDir
 0001:0002843C       Mxfileutil.RemoveBackSlash
 0001:0002849C       Mxfileutil.DirExists
 0001:000284FC       Mxfileutil.ForceDirectories
 0001:000285CC       Mxfileutil.CopyMoveFileShell
 0001:0002870C       Mxfileutil.CopyFile
 0001:00028718       Mxfileutil.CopyFileEx
 0001:00028A40       Mxfileutil.MoveFile
 0001:00028AC4       Mxfileutil.MoveFileEx
 0001:00028AE4       Mxfileutil.GetFileSize
 0001:00028B48       Mxfileutil.FileDateTime
 0001:00028B78       Mxfileutil.HasAttr
 0001:00028B94       Mxfileutil.DeleteFiles
 0001:00028CD0       Mxfileutil.DeleteFilesEx
 0001:00028D04       Mxfileutil.ClearDir
 0001:00028F40       Mxfileutil.GetTempDir
 0001:00028F68       Mxfileutil.GetWindowsDir
 0001:00028F94       Mxfileutil.GetSystemDir
 0001:00028FC0       HasAny
 0001:00029044       Mxfileutil.ValidFileName
 0001:000290D8       Mxfileutil.FileLock
 0001:00029100       Mxfileutil.FileUnlock
 0001:00029128       Mxfileutil.FileLock
 0001:00029158       Mxfileutil.FileUnlock
 0001:00029188       Mxfileutil.ShortToLongFileName
 0001:000291EC       Mxfileutil.LongToShortFileName
 0001:00029250       Mxfileutil.ShortToLongPath
 0001:0002931C       Mxfileutil.LongToShortPath
 0001:000293E8       Mxfileutil.CreateFileLink
 0001:000295D4       Mxfileutil.DeleteFileLink
 0001:00029744       Mxfileutil.Finalization
 0001:00029774       Mxfileutil.initialization
 0001:0002977C       Mxcconst.Finalization
 0001:000297AC       Mxcconst.initialization
 0001:0002B9D0       Mxfilectrl.SlashSep
 0001:0002BA18       Mxfilectrl.TPathLabel.Create
 0001:0002BA68       Mxfilectrl.TPathLabel.Paint
 0001:0002BB58       Mxfilectrl.CutFirstDirectory
 0001:0002BC14       Mxfilectrl.MinimizeName
 0001:0002BD5C       Mxfilectrl.VolumeID
 0001:0002BEF8       Mxfilectrl.NetworkVolume
 0001:0002BFD8       Mxfilectrl.ProcessPath
 0001:0002C290       Mxfilectrl.GetItemHeight
 0001:0002C2D0       Mxfilectrl.TDriveComboBox.Create
 0001:0002C358       Mxfilectrl.TDriveComboBox.Destroy
 0001:0002C3B4       AddDrive
 0001:0002C448       Mxfilectrl.TDriveComboBox.BuildList
 0001:0002C624       Mxfilectrl.TDriveComboBox.SetDrive
 0001:0002C764       Mxfilectrl.TDriveComboBox.SetTextCase
 0001:0002C78C       Mxfilectrl.TDriveComboBox.SetDirListBox
 0001:0002C7BC       Mxfilectrl.TDriveComboBox.CreateWnd
 0001:0002C7E0       Mxfilectrl.TDriveComboBox.DrawItem
 0001:0002C928       Mxfilectrl.TDriveComboBox.Click
 0001:0002C99C       Mxfilectrl.TDriveComboBox.CMFontChanged
 0001:0002C9B8       Mxfilectrl.TDriveComboBox.ResetItemHeight
 0001:0002C9F4       Mxfilectrl.TDriveComboBox.ReadBitmaps
 0001:0002CB00       Mxfilectrl.TDriveComboBox.Notification
 0001:0002CB30       Mxfilectrl.DirLevel
 0001:0002CB5C       Mxfilectrl.TDirectoryListBox.Create
 0001:0002CBD0       Mxfilectrl.TDirectoryListBox.Destroy
 0001:0002CC18       Mxfilectrl.TDirectoryListBox.DriveChange
 0001:0002CCE4       Mxfilectrl.TDirectoryListBox.SetFileListBox
 0001:0002CD14       Mxfilectrl.TDirectoryListBox.SetDirLabel
 0001:0002CD34       Mxfilectrl.TDirectoryListBox.SetDir
 0001:0002CD8C       Mxfilectrl.TDirectoryListBox.OpenCurrent
 0001:0002CDE8       Mxfilectrl.TDirectoryListBox.Update
 0001:0002CE04       Mxfilectrl.TDirectoryListBox.DisplayCase
 0001:0002CE34       Mxfilectrl.TDirectoryListBox.FileCompareText
 0001:0002CE54       Mxfilectrl.TDirectoryListBox.ReadDirectoryNames
 0001:0002CF98       Mxfilectrl.TDirectoryListBox.BuildList
 0001:0002D29C       Mxfilectrl.TDirectoryListBox.ReadBitmaps
 0001:0002D35C       Mxfilectrl.TDirectoryListBox.DblClick
 0001:0002D370       Mxfilectrl.TDirectoryListBox.Change
 0001:0002D3AC       Mxfilectrl.TDirectoryListBox.DrawItem
 0001:0002D524       Mxfilectrl.TDirectoryListBox.GetItemPath
 0001:0002D6C4       Mxfilectrl.TDirectoryListBox.CreateWnd
 0001:0002D6F4       Mxfilectrl.TDirectoryListBox.CMFontChanged
 0001:0002D708       Mxfilectrl.TDirectoryListBox.ResetItemHeight
 0001:0002D740       Mxfilectrl.TDirectoryListBox.GetDrive
 0001:0002D74C       Mxfilectrl.TDirectoryListBox.SetDrive
 0001:0002D7DC       Mxfilectrl.TDirectoryListBox.SetDirectory
 0001:0002D8D4       Mxfilectrl.TDirectoryListBox.KeyPress
 0001:0002D8F8       Mxfilectrl.TDirectoryListBox.Notification
 0001:0002D94C       Mxfilectrl.TDirectoryListBox.SetDirLabelCaption
 0001:0002D9C4       Mxfilectrl.TFileListBox.Create
 0001:0002DA78       Mxfilectrl.TFileListBox.Destroy
 0001:0002DAC0       Mxfilectrl.TFileListBox.Update
 0001:0002DACC       Mxfilectrl.TFileListBox.CreateWnd
 0001:0002DAE4       Mxfilectrl.TFileListBox.IsMaskStored
 0001:0002DB08       Mxfilectrl.TFileListBox.GetDrive
 0001:0002DB14       Mxfilectrl.TFileListBox.ReadBitmaps
 0001:0002DBCC       Mxfilectrl.TFileListBox.ReadFileNames
 0001:0002DF18       Mxfilectrl.TFileListBox.Click
 0001:0002DF40       Mxfilectrl.TFileListBox.Change
 0001:0002DFFC       Mxfilectrl.TFileListBox.SetShowGlyphs
 0001:0002E044       Mxfilectrl.TFileListBox.GetFileName
 0001:0002E094       Mxfilectrl.TFileListBox.SetFileName
 0001:0002E11C       Mxfilectrl.TFileListBox.SetFileEdit
 0001:0002E1AC       Mxfilectrl.TFileListBox.DrawItem
 0001:0002E2F0       Mxfilectrl.TFileListBox.SetDrive
 0001:0002E380       Mxfilectrl.TFileListBox.SetDirectory
 0001:0002E3DC       Mxfilectrl.TFileListBox.SetFileType
 0001:0002E404       Mxfilectrl.TFileListBox.SetMask
 0001:0002E434       Mxfilectrl.TFileListBox.CMFontChanged
 0001:0002E448       Mxfilectrl.TFileListBox.ResetItemHeight
 0001:0002E48C       Mxfilectrl.TFileListBox.ApplyFilePath
 0001:0002E668       Mxfilectrl.TFileListBox.GetFilePath
 0001:0002E6DC       Mxfilectrl.TFileListBox.Notification
 0001:0002E730       Mxfilectrl.TFilterComboBox.Create
 0001:0002E794       Mxfilectrl.TFilterComboBox.Destroy
 0001:0002E7C4       Mxfilectrl.TFilterComboBox.CreateWnd
 0001:0002E7D8       Mxfilectrl.TFilterComboBox.IsFilterStored
 0001:0002E834       Mxfilectrl.TFilterComboBox.SetFilter
 0001:0002E878       Mxfilectrl.TFilterComboBox.SetFileListBox
 0001:0002E8B0       Mxfilectrl.TFilterComboBox.Click
 0001:0002E8CC       Mxfilectrl.TFilterComboBox.GetMask
 0001:0002E940       Mxfilectrl.TFilterComboBox.BuildList
 0001:0002EA78       Mxfilectrl.TFilterComboBox.Notification
 0001:0002EAA8       Mxfilectrl.TFilterComboBox.Change
 0001:0002EB08       Mxfilectrl.TSelectDirDlg.Create
 0001:0002F0D8       Mxfilectrl.TSelectDirDlg.HelpButtonClick
 0001:0002F0F0       Mxfilectrl.TSelectDirDlg.DirListChange
 0001:0002F180       Mxfilectrl.TSelectDirDlg.FormCreate
 0001:0002F238       Mxfilectrl.TSelectDirDlg.DriveListChange
 0001:0002F250       Mxfilectrl.TSelectDirDlg.SetAllowCreate
 0001:0002F288       Mxfilectrl.TSelectDirDlg.SetDirectory
 0001:0002F3D8       Mxfilectrl.TSelectDirDlg.GetDirectory
 0001:0002F408       Mxfilectrl.TSelectDirDlg.NetClick
 0001:0002F428       Mxfilectrl.TSelectDirDlg.OKClick
 0001:0002F4C0       Mxfilectrl.SelectDirectory
 0001:0002F6A8       Mxfilectrl.SelectDirectory
 0001:0002F860       Mxfilectrl.DirectoryExists
 0001:0002F884       Mxfilectrl.ForceDirectories
 0001:0002F968       Mxfilectrl.Finalization
 0001:0002F998       Mxfilectrl.initialization
 0001:0002FA3C       Mxdateutil.IsLeapYear
 0001:0002FA78       Mxdateutil.DaysPerMonth
 0001:0002FAA0       Mxdateutil.FirstDayOfNextMonth
 0001:0002FB04       Mxdateutil.FirstDayOfPrevMonth
 0001:0002FB68       Mxdateutil.LastDayOfPrevMonth
 0001:0002FBC4       Mxdateutil.ExtractDay
 0001:0002FBE8       Mxdateutil.ExtractMonth
 0001:0002FC0C       Mxdateutil.ExtractYear
 0001:0002FC30       Mxdateutil.IncDate
 0001:0002FCDC       Mxdateutil.DateDiff
 0001:0002FDB4       Mxdateutil.IncDay
 0001:0002FDD0       Mxdateutil.IncMonth
 0001:0002FDF4       Mxdateutil.IncYear
 0001:0002FE18       Mxdateutil.MonthsBetween
 0001:0002FED8       Mxdateutil.IsValidDate
 0001:0002FF1C       Mxdateutil.ValidDate
 0001:0002FF7C       Mxdateutil.DaysInPeriod
 0001:0002FFCC       Mxdateutil.DaysBetween
 0001:0002FFF0       Mxdateutil.IncTime
 0001:00030078       Mxdateutil.IncHour
 0001:0003009C       Mxdateutil.IncMinute
 0001:000300C4       Mxdateutil.IncSecond
 0001:000300EC       Mxdateutil.IncMSec
 0001:00030114       Mxdateutil.CutTime
 0001:00030138       Mxdateutil.CurrentYear
 0001:0003014C       Mxdateutil.ScanBlanks
 0001:00030170       Mxdateutil.ScanNumber
 0001:000301FC       Mxdateutil.ScanChar
 0001:00030234       Mxdateutil.ScanToNumber
 0001:00030270       Mxdateutil.GetDateOrder
 0001:000302BC       Mxdateutil.ExpandYear
 0001:000302FC       Mxdateutil.ScanDate
 0001:000305B8       Mxdateutil.MonthFromName
 0001:0003066C       Mxdateutil.ExtractMask
 0001:000307E4       Mxdateutil.ScanDateStr
 0001:0003089C       Mxdateutil.InternalStrToDate
 0001:00030920       Mxdateutil.StrToDateFmt
 0001:000309A4       Mxdateutil.StrToDateDef
 0001:000309E4       Mxdateutil.StrToDateFmtDef
 0001:00030A20       Mxdateutil.DefDateFormat
 0001:00030B24       Mxdateutil.DefDateMask
 0001:00030C24       Mxdateutil.FormatLongDate
 0001:00030CCC       Mxdateutil.FormatLongDateTime
 0001:00030D60       Mxdateutil.Finalization
 0001:00030D90       Mxdateutil.initialization
 0001:00030E98       Mxprgrss.TProgressList.Create
 0001:00030F18       Mxprgrss.TProgressList.Destroy
 0001:00030F64       Mxprgrss.TProgressList.Add
 0001:0003100C       Mxprgrss.TProgressList.FindClass
 0001:00031048       Mxprgrss.TProgressList.Remove
 0001:00031094       Mxprgrss.TProgressList.SetControlProperty
 0001:0003118C       Mxprgrss.GetProgressList
 0001:000311AC       Mxprgrss.SupportsProgressControl
 0001:000311D4       Mxprgrss.RegisterProgressControl
 0001:000311FC       Mxprgrss.UnRegisterProgressControl
 0001:00031214       Mxprgrss.SetProgressMax
 0001:0003122C       Mxprgrss.SetProgressMin
 0001:00031244       Mxprgrss.SetProgressValue
 0001:0003125C       Mxprgrss.Finalization
 0001:00031298       Mxprgrss.initialization

Line numbers for editor(editor.cpp) segment .text

    12 0001:00000A70    14 0001:00000A73    15 0001:00000A78

Line numbers for mxshortcut(mxshortcut.pas) segment .text

    81 0001:00001800    82 0001:0000180B    83 0001:0000180D    84 0001:00001813
    85 0001:00001825    86 0001:0000182F    87 0001:00001839    88 0001:00001843
   105 0001:00001914   106 0001:00001924   107 0001:0000192B   108 0001:0000193B
   110 0001:0000193F   111 0001:00001951   113 0001:00001963   118 0001:00001968
   119 0001:00001987   120 0001:00001A03   121 0001:00001A1B   122 0001:00001A2E
   123 0001:00001A41   124 0001:00001A5C   125 0001:00001A74   126 0001:00001A88
   127 0001:00001A9C   128 0001:00001AB0   129 0001:00001AD1   131 0001:00001ADD
   133 0001:00001AF7   134 0001:00001AFE   135 0001:00001B11   136 0001:00001B24
   137 0001:00001B37   138 0001:00001B63   141 0001:00001B88   142 0001:00001BB4
   143 0001:00001BBD   144 0001:00001BC6   145 0001:00001BCF   146 0001:00001BD8
   147 0001:00001BEC   148 0001:00001C03   149 0001:00001C10   150 0001:00001C4F
   153 0001:00001C5C   154 0001:00001C67   155 0001:00001C7E   158 0001:00001C84
   159 0001:00001C9B   161 0001:00001CA4   162 0001:00001CAD   164 0001:00001CDE
   169 0001:00001CE4   170 0001:00001CEE   171 0001:00001CFA   172 0001:00001D05
   173 0001:00001D0E   176 0001:00001D14   177 0001:00001D1B   178 0001:00001D25
   179 0001:00001D2E   180 0001:00001D37   184 0001:00001D3C   185 0001:00001D41
   187 0001:00001E20

Line numbers for renderwindow(renderwindow.pas) segment .text

    72 0001:000022A0    73 0001:000022B7    74 0001:000022C0    75 0001:000022D6
    76 0001:000022DF    77 0001:000022EC    78 0001:000022F9    79 0001:00002306
    81 0001:00002316    82 0001:0000232C    83 0001:00002335    84 0001:00002342
    85 0001:0000234F    86 0001:0000235C    88 0001:0000236C    89 0001:00002382
    90 0001:0000238B    91 0001:00002398    92 0001:000023A5    93 0001:000023B2
    95 0001:000023C2    96 0001:000023D8    97 0001:000023E1    98 0001:000023EE
    99 0001:000023FB   100 0001:00002408   102 0001:00002418   103 0001:00002420
   104 0001:0000242C   105 0001:00002438   106 0001:00002444   107 0001:0000244D
   108 0001:00002456   109 0001:0000245D   110 0001:00002464   111 0001:0000246E
   112 0001:00002491   115 0001:0000249C   116 0001:000024A7   117 0001:000024B2
   118 0001:000024BD   119 0001:000024C8   120 0001:000024D3   121 0001:000024EA
   124 0001:000024F0   125 0001:000024F3   126 0001:0000250B   127 0001:00002515
   131 0001:00002518   133 0001:00002520   134 0001:00002526   136 0001:0000252B
   142 0001:0000252C   143 0001:00002533   144 0001:0000253C   147 0001:0000254A
   149 0001:0000256C   151 0001:00002588   152 0001:0000258F   154 0001:00002596
   156 0001:000025B3   161 0001:000025C0   162 0001:000025CB   166 0001:000025E6
   167 0001:000025F1   168 0001:000025F9   169 0001:00002602   170 0001:0000260C
   173 0001:0000261D   174 0001:00002624   177 0001:00002630   178 0001:00002636
   180 0001:00002642   182 0001:00002659   183 0001:0000265E   186 0001:00002669
   189 0001:00002672   190 0001:0000267B   194 0001:00002680   195 0001:00002683
   196 0001:0000268A   197 0001:00002694   200 0001:00002698   201 0001:0000269C
   202 0001:000026A3   203 0001:000026BB   205 0001:000026C8   207 0001:000026D7
   208 0001:000026E8   209 0001:000026F9   210 0001:0000270A   214 0001:0000271D
   215 0001:0000272E   216 0001:0000273F   217 0001:00002750   220 0001:00002761
   223 0001:00002764   224 0001:0000276A   226 0001:00002772   227 0001:00002778
   228 0001:00002785   229 0001:00002792   230 0001:0000279F   231 0001:000027AC
   233 0001:000027B6   237 0001:000027BC   239 0001:000027C4   240 0001:000027CA
   242 0001:000027D2   246 0001:000027D4   248 0001:000027DC   249 0001:000027E2
   251 0001:000027EA   253 0001:0000281C

Line numbers for multi_edit(multi_edit.pas) segment .text

   289 0001:00003AC4   290 0001:00003ADB   291 0001:00003AE4   292 0001:00003AF8
   293 0001:00003B11   294 0001:00003B21   295 0001:00003B2D   296 0001:00003B39
   297 0001:00003B4B   298 0001:00003B5D   299 0001:00003B6B   300 0001:00003B8B
   303 0001:00003B9C   304 0001:00003BA7   305 0001:00003BB2   306 0001:00003BBD
   307 0001:00003BC8   308 0001:00003BDF   312 0001:00003BE4   313 0001:00003BEB
   314 0001:00003BF0   318 0001:00003BF4   319 0001:00003BFB   320 0001:00003C00
   324 0001:00003C04   325 0001:00003C0A   328 0001:00003C0C   329 0001:00003C0F
   330 0001:00003C20   331 0001:00003C3D   336 0001:00003C4C   337 0001:00003C50
   338 0001:00003C56   339 0001:00003C5F   340 0001:00003C6B   343 0001:00003C70
   344 0001:00003C75   345 0001:00003C93   346 0001:00003CB5   347 0001:00003CC7
   351 0001:00003CD4   352 0001:00003CDA   353 0001:00003CE4   357 0001:00003CE8
   358 0001:00003CF1   359 0001:00003CFC   360 0001:00003D09   361 0001:00003D11
   364 0001:00003D18   365 0001:00003D1B   366 0001:00003D2C   367 0001:00003D33
   368 0001:00003D5C   369 0001:00003D63   371 0001:00003D6A   372 0001:00003D70
   373 0001:00003D7F   374 0001:00003D91   376 0001:00003DA1   379 0001:00003DA4
   380 0001:00003DA7   381 0001:00003DB6   382 0001:00003DC5   388 0001:00003DC8
   389 0001:00003DD5   390 0001:00003DDF   391 0001:00003DE9   392 0001:00003DF2
   393 0001:00003E07   394 0001:00003E14   395 0001:00003E25   396 0001:00003E2F
   398 0001:00003E38   399 0001:00003E4C   400 0001:00003E59   401 0001:00003E68
   402 0001:00003E73   403 0001:00003E80   404 0001:00003E94   405 0001:00003EA1
   406 0001:00003EAE   407 0001:00003EBD   409 0001:00003ECA   410 0001:00003ECC
   411 0001:00003ED2   414 0001:00003F4D   416 0001:00003F74   418 0001:00003F94
   421 0001:00003FA0   422 0001:00003FA3   423 0001:00003FAA   424 0001:00003FB1
   425 0001:00003FB8   432 0001:00003FBC   433 0001:00003FCC   434 0001:00003FE0
   436 0001:00003FF7   438 0001:0000402F   439 0001:0000403D   441 0001:00004046
   442 0001:0000404D   443 0001:00004057   444 0001:0000405E   445 0001:0000407B
   446 0001:0000409B   447 0001:000040A7   450 0001:000040B1   451 0001:000040B8
   458 0001:000040C8   459 0001:000040D4   460 0001:000040E2   462 0001:000040EF
   464 0001:000040F8   465 0001:0000410B   467 0001:00004121   469 0001:00004143
   470 0001:00004159   471 0001:00004167   472 0001:00004178   475 0001:00004184
   479 0001:00004194   480 0001:0000419E   481 0001:000041B0   482 0001:000041B9
   483 0001:000041C0   484 0001:000041C7   485 0001:000041D1   486 0001:000041E2
   488 0001:000041E9   491 0001:000041F0   492 0001:000041F3   493 0001:000041FD
   494 0001:00004209   496 0001:00004216   501 0001:00004218   502 0001:0000422A
   503 0001:00004233   504 0001:00004245   505 0001:00004257   506 0001:00004274
   507 0001:00004291   508 0001:000042A1   509 0001:000042B1   510 0001:000042BD
   511 0001:000042C9   512 0001:000042DB   513 0001:000042ED   514 0001:000042FF
   515 0001:00004306   516 0001:00004324   519 0001:00004340   520 0001:0000434B
   521 0001:00004356   522 0001:00004361   523 0001:0000436C   524 0001:00004377
   525 0001:00004382   526 0001:0000438D   527 0001:000043A4   531 0001:000043A8
   532 0001:000043AF   533 0001:000043B4   537 0001:000043B8   538 0001:000043BE
   541 0001:000043C0   542 0001:000043C3   543 0001:000043D4   544 0001:000043F1
   548 0001:00004400   549 0001:00004406   552 0001:00004408   553 0001:0000440B
   554 0001:0000441C   555 0001:00004439   560 0001:00004448   561 0001:0000444C
   562 0001:00004452   563 0001:0000445B   564 0001:00004467   568 0001:0000446C
   569 0001:00004472   570 0001:0000447C   574 0001:00004480   575 0001:00004489
   576 0001:00004494   577 0001:000044A1   578 0001:000044A9   581 0001:000044B0
   582 0001:000044B3   583 0001:000044C4   584 0001:000044CB   585 0001:000044F4
   586 0001:000044FB   587 0001:00004502   588 0001:00004508   589 0001:0000451B
   590 0001:0000452D   591 0001:0000453F   593 0001:0000454F   596 0001:00004554
   597 0001:00004557   598 0001:00004566   599 0001:00004575   600 0001:00004584
   607 0001:00004588   608 0001:00004595   609 0001:0000459F   610 0001:000045A9
   611 0001:000045B2   612 0001:000045C7   613 0001:000045D4   614 0001:000045E5
   615 0001:000045EF   622 0001:000045F8   623 0001:0000460C   624 0001:00004619
   625 0001:00004628   626 0001:00004633   627 0001:00004642   628 0001:00004656
   629 0001:00004663   630 0001:00004668   631 0001:00004677   634 0001:00004686
   635 0001:0000469A   636 0001:000046A7   637 0001:000046B7   638 0001:000046C6
   639 0001:000046D3   640 0001:000046E7   641 0001:000046F4   642 0001:00004706
   644 0001:00004716   645 0001:0000471B   646 0001:00004721   649 0001:0000479C
   662 0001:000047C3   664 0001:000047E3   667 0001:00004872   680 0001:00004899
   681 0001:000048B9   682 0001:000048BE   683 0001:000048CB   684 0001:000048DD
   687 0001:000048ED   690 0001:00004900   691 0001:00004903   692 0001:0000490A
   693 0001:00004911   694 0001:00004918   697 0001:0000491C   698 0001:0000491F
   699 0001:00004929   700 0001:00004937   702 0001:00004944   705 0001:00004948
   706 0001:0000494B   707 0001:00004955   708 0001:00004963   710 0001:00004970
   714 0001:00004974   715 0001:00004982   716 0001:00004996   717 0001:000049AD
   719 0001:000049E5   720 0001:000049F3   721 0001:00004A01   722 0001:00004A07
   723 0001:00004A25   724 0001:00004A2C   727 0001:00004A35   728 0001:00004A3C
   730 0001:00004A43   731 0001:00004A51   732 0001:00004A57   734 0001:00004A61
   735 0001:00004A7E   736 0001:00004A8F   737 0001:00004A9F   739 0001:00004AAC
[...]
   956 0001:0002CEFB   957 0001:0002CF08   960 0001:0002CF0B   963 0001:0002CF27
   965 0001:0002CF6E   977 0001:0002CF98   978 0001:0002CFC2   979 0001:0002CFD0
   980 0001:0002CFDE   981 0001:0002CFEC   982 0001:0002CFEE   983 0001:0002D00F
   984 0001:0002D02F   985 0001:0002D03F   986 0001:0002D04F   988 0001:0002D065
   989 0001:0002D07F   990 0001:0002D080   993 0001:0002D0AF   994 0001:0002D0C0
   996 0001:0002D0D0   998 0001:0002D0DD   999 0001:0002D0EC  1001 0001:0002D0F0
  1002 0001:0002D104  1003 0001:0002D115  1004 0001:0002D124  1005 0001:0002D13E
  1006 0001:0002D13F  1009 0001:0002D152  1011 0001:0002D16C  1012 0001:0002D17E
  1013 0001:0002D18D  1014 0001:0002D19B  1016 0001:0002D1A5  1017 0001:0002D1B9
  1018 0001:0002D1D0  1020 0001:0002D20B  1023 0001:0002D228  1025 0001:0002D23E
  1026 0001:0002D24A  1027 0001:0002D287  1030 0001:0002D29C  1031 0001:0002D2A0
  1032 0001:0002D2B4  1033 0001:0002D2C6  1034 0001:0002D2DA  1035 0001:0002D2EC
  1036 0001:0002D300  1037 0001:0002D312  1040 0001:0002D35C  1041 0001:0002D35F
  1042 0001:0002D366  1043 0001:0002D36D  1046 0001:0002D370  1047 0001:0002D373
  1048 0001:0002D388  1049 0001:0002D38F  1050 0001:0002D3A7  1058 0001:0002D3AC
  1059 0001:0002D3D9  1061 0001:0002D3E2  1062 0001:0002D3ED  1063 0001:0002D3F4
  1065 0001:0002D400  1066 0001:0002D410  1068 0001:0002D418  1069 0001:0002D420
  1071 0001:0002D435  1072 0001:0002D43F  1078 0001:0002D4BD  1080 0001:0002D518
  1087 0001:0002D524  1088 0001:0002D54F  1089 0001:0002D557  1091 0001:0002D56A
  1092 0001:0002D578  1093 0001:0002D585  1094 0001:0002D589  1095 0001:0002D5A9
  1096 0001:0002D5B1  1097 0001:0002D5D4  1098 0001:0002D5DC  1101 0001:0002D5EC
  1102 0001:0002D5EE  1103 0001:0002D5F3  1106 0001:0002D617  1107 0001:0002D618
  1109 0001:0002D624  1110 0001:0002D63E  1111 0001:0002D641  1112 0001:0002D648
  1114 0001:0002D653  1117 0001:0002D6AF  1120 0001:0002D6C4  1121 0001:0002D6C7
  1122 0001:0002D6CE  1123 0001:0002D6D8  1124 0001:0002D6EF  1127 0001:0002D6F4
  1128 0001:0002D6F7  1129 0001:0002D6FE  1130 0001:0002D705  1135 0001:0002D708
  1136 0001:0002D70C  1137 0001:0002D716  1138 0001:0002D734  1139 0001:0002D73D
  1143 0001:0002D740  1144 0001:0002D748  1147 0001:0002D74C  1148 0001:0002D76B
  1149 0001:0002D784  1150 0001:0002D7C8  1157 0001:0002D7DC  1158 0001:0002D7FE
  1159 0001:0002D80D  1160 0001:0002D828  1161 0001:0002D839  1162 0001:0002D847
  1164 0001:0002D854  1165 0001:0002D85E  1166 0001:0002D86B  1168 0001:0002D875
  1171 0001:0002D88D  1173 0001:0002D89F  1174 0001:0002D8CC  1177 0001:0002D8D4
  1178 0001:0002D8DA  1179 0001:0002D8E3  1180 0001:0002D8ED  1181 0001:0002D8F4
  1185 0001:0002D8F8  1186 0001:0002D901  1187 0001:0002D90C  1189 0001:0002D911
  1190 0001:0002D923  1191 0001:0002D935  1193 0001:0002D945  1198 0001:0002D94C
  1199 0001:0002D964  1201 0001:0002D96E  1202 0001:0002D971  1203 0001:0002D97D
  1205 0001:0002D9BB  1213 0001:0002D9C4  1214 0001:0002D9D6  1215 0001:0002D9DF
  1217 0001:0002D9EB  1218 0001:0002D9F6  1220 0001:0002DA03  1221 0001:0002DA13
  1222 0001:0002DA1F  1223 0001:0002DA29  1224 0001:0002DA33  1225 0001:0002DA3C
  1226 0001:0002DA45  1227 0001:0002DA63  1230 0001:0002DA78  1231 0001:0002DA83
  1232 0001:0002DA8E  1233 0001:0002DA99  1234 0001:0002DAA4  1235 0001:0002DABB
  1239 0001:0002DAC0  1240 0001:0002DAC8  1243 0001:0002DACC  1244 0001:0002DACF
  1245 0001:0002DAD6  1246 0001:0002DAE0  1249 0001:0002DAE4  1250 0001:0002DAE7
  1251 0001:0002DAFA  1255 0001:0002DB08  1256 0001:0002DB10  1259 0001:0002DB14
  1260 0001:0002DB18  1261 0001:0002DB2C  1262 0001:0002DB45  1263 0001:0002DB59
  1264 0001:0002DB72  1265 0001:0002DB86  1266 0001:0002DB9F  1282 0001:0002DBCC
  1286 0001:0002DC10  1287 0001:0002DC16  1290 0001:0002DC26  1291 0001:0002DC2D
  1292 0001:0002DC43  1294 0001:0002DC52  1295 0001:0002DC65  1297 0001:0002DC70
  1298 0001:0002DC75  1299 0001:0002DC84  1300 0001:0002DC92  1301 0001:0002DCA2
  1303 0001:0002DCAA  1304 0001:0002DCB5  1305 0001:0002DCB9  1306 0001:0002DCBC
  1309 0001:0002DCE6  1310 0001:0002DD02  1312 0001:0002DD0B  1313 0001:0002DD4E
  1314 0001:0002DD5E  1318 0001:0002DD7D  1319 0001:0002DD9C  1320 0001:0002DDA5
  1322 0001:0002DDE1  1323 0001:0002DDEA  1325 0001:0002DE03  1326 0001:0002DE09
  1327 0001:0002DE19  1328 0001:0002DE2C  1330 0001:0002DE37  1332 0001:0002DE3B
  1333 0001:0002DE3E  1335 0001:0002DE3F  1338 0001:0002DE56  1340 0001:0002DE6E
  1342 0001:0002DEC2  1345 0001:0002DF18  1346 0001:0002DF1B  1347 0001:0002DF22
  1348 0001:0002DF34  1349 0001:0002DF3E  1352 0001:0002DF40  1353 0001:0002DF58
  1354 0001:0002DF68  1356 0001:0002DF71  1357 0001:0002DF87  1359 0001:0002DF9A
  1360 0001:0002DFB2  1362 0001:0002DFBD  1363 0001:0002DFF7  1366 0001:0002DFFC
  1367 0001:0002E000  1369 0001:0002E008  1370 0001:0002E00E  1371 0001:0002E030
  1372 0001:0002E037  1374 0001:0002E03E  1379 0001:0002E044  1382 0001:0002E04B
  1383 0001:0002E057  1384 0001:0002E077  1386 0001:0002E080  1387 0001:0002E08F
  1390 0001:0002E094  1391 0001:0002E0AD  1393 0001:0002E0C5  1395 0001:0002E0ED
  1397 0001:0002E114  1400 0001:0002E11C  1401 0001:0002E134  1402 0001:0002E13C
  1404 0001:0002E140  1405 0001:0002E147  1406 0001:0002E157  1408 0001:0002E171
  1410 0001:0002E1A4  1417 0001:0002E1AC  1418 0001:0002E1D6  1420 0001:0002E1DF
  1421 0001:0002E1EA  1422 0001:0002E1F1  1424 0001:0002E1FE  1425 0001:0002E20E
  1427 0001:0002E216  1432 0001:0002E294  1435 0001:0002E2A1  1437 0001:0002E2E4
  1440 0001:0002E2F0  1441 0001:0002E30F  1442 0001:0002E329  1443 0001:0002E36D
  1446 0001:0002E380  1447 0001:0002E386  1451 0001:0002E397  1452 0001:0002E3A6
  1453 0001:0002E3B6  1454 0001:0002E3C2  1455 0001:0002E3CF  1457 0001:0002E3D9
  1460 0001:0002E3DC  1461 0001:0002E3E3  1463 0001:0002E3EE  1464 0001:0002E3F7
  1466 0001:0002E401  1469 0001:0002E404  1470 0001:0002E40A  1472 0001:0002E419
  1473 0001:0002E426  1475 0001:0002E430  1478 0001:0002E434  1479 0001:0002E437
  1480 0001:0002E43E  1481 0001:0002E445  1486 0001:0002E448  1487 0001:0002E44C
  1488 0001:0002E456  1489 0001:0002E46F  1490 0001:0002E47D  1491 0001:0002E486
  1498 0001:0002E48C  1499 0001:0002E4BA  1500 0001:0002E4D9  1501 0001:0002E4E8
  1502 0001:0002E4F9  1503 0001:0002E503  1505 0001:0002E50F  1506 0001:0002E515
  1508 0001:0002E54B  1509 0001:0002E555  1510 0001:0002E577  1511 0001:0002E583
  1513 0001:0002E58F  1514 0001:0002E599  1516 0001:0002E5A5  1518 0001:0002E5B5
  1519 0001:0002E5BF  1523 0001:0002E5CB  1525 0001:0002E638  1528 0001:0002E668
  1529 0001:0002E683  1530 0001:0002E68A  1531 0001:0002E69A  1532 0001:0002E6D6
  1536 0001:0002E6DC  1537 0001:0002E6E5  1538 0001:0002E6F0  1540 0001:0002E6F5
  1541 0001:0002E707  1542 0001:0002E719  1544 0001:0002E729  1549 0001:0002E730
  1550 0001:0002E742  1551 0001:0002E74B  1552 0001:0002E757  1553 0001:0002E767
  1554 0001:0002E790  1557 0001:0002E794  1558 0001:0002E79F  1559 0001:0002E7AA
  1560 0001:0002E7C1  1563 0001:0002E7C4  1564 0001:0002E7C7  1565 0001:0002E7CE
  1566 0001:0002E7D5  1569 0001:0002E7D8  1570 0001:0002E7EE  1571 0001:0002E82D
  1574 0001:0002E834  1575 0001:0002E83A  1577 0001:0002E84B  1578 0001:0002E858
  1579 0001:0002E86A  1581 0001:0002E875  1584 0001:0002E878  1585 0001:0002E87B
  1586 0001:0002E88D  1587 0001:0002E895  1589 0001:0002E899  1590 0001:0002E8A0
  1592 0001:0002E8AC  1595 0001:0002E8B0  1596 0001:0002E8B4  1597 0001:0002E8BB
  1598 0001:0002E8C6  1601 0001:0002E8CC  1602 0001:0002E8D2  1603 0001:0002E8E0
  1605 0001:0002E8F8  1607 0001:0002E906  1610 0001:0002E922  1611 0001:0002E92E
  1617 0001:0002E940  1618 0001:0002E95B  1619 0001:0002E965  1620 0001:0002E970
  1621 0001:0002E97E  1622 0001:0002E98D  1624 0001:0002E995  1625 0001:0002E9A9
  1626 0001:0002E9B8  1627 0001:0002E9C7  1629 0001:0002E9CB  1630 0001:0002E9DF
  1634 0001:0002E9F0  1635 0001:0002E9FB  1637 0001:0002EA03  1638 0001:0002EA11
  1639 0001:0002EA1F  1641 0001:0002EA36  1642 0001:0002EA64  1646 0001:0002EA78
  1647 0001:0002EA81  1648 0001:0002EA8C  1649 0001:0002EA99  1650 0001:0002EAA1
  1653 0001:0002EAA8  1654 0001:0002EABF  1655 0001:0002EADD  1656 0001:0002EB01
  1660 0001:0002EB08  1661 0001:0002EB3E  1662 0001:0002EB49  1663 0001:0002EB60
  1664 0001:0002EB69  1665 0001:0002EB75  1666 0001:0002EB81  1668 0001:0002EB8A
  1671 0001:0002EBA0  1672 0001:0002EBA9  1673 0001:0002EBC4  1674 0001:0002EBCD
  1677 0001:0002EBD8  1679 0001:0002EBE8  1680 0001:0002EBF1  1681 0001:0002EC09
  1682 0001:0002EC16  1685 0001:0002EC2D  1688 0001:0002EC43  1689 0001:0002EC4C
  1690 0001:0002EC67  1691 0001:0002EC72  1694 0001:0002EC82  1696 0001:0002EC92
  1697 0001:0002EC9B  1698 0001:0002ECB3  1699 0001:0002ECCA  1702 0001:0002ECD7
  1705 0001:0002ECED  1706 0001:0002ECF6  1709 0001:0002ED11  1712 0001:0002ED27
  1713 0001:0002ED30  1714 0001:0002ED4E  1715 0001:0002ED57  1716 0001:0002ED60
  1717 0001:0002ED6C  1718 0001:0002ED75  1721 0001:0002ED85  1723 0001:0002ED95
  1724 0001:0002ED9E  1725 0001:0002EDB6  1726 0001:0002EDCD  1729 0001:0002EDDA
  1732 0001:0002EDF0  1733 0001:0002EDF9  1734 0001:0002EE14  1735 0001:0002EE1F
  1736 0001:0002EE28  1737 0001:0002EE35  1738 0001:0002EE41  1739 0001:0002EE4E
  1742 0001:0002EE5A  1744 0001:0002EE6A  1745 0001:0002EE73  1746 0001:0002EE8B
  1747 0001:0002EEA2  1750 0001:0002EEAF  1753 0001:0002EEC5  1754 0001:0002EECE
  1755 0001:0002EEE6  1756 0001:0002EEEF  1757 0001:0002EEFA  1758 0001:0002EF11
  1761 0001:0002EF21  1764 0001:0002EF37  1765 0001:0002EF40  1766 0001:0002EF58
  1767 0001:0002EF63  1768 0001:0002EF73  1769 0001:0002EF8A  1770 0001:0002EF94
  1773 0001:0002EF9D  1776 0001:0002EFB3  1777 0001:0002EFBC  1778 0001:0002EFD4
  1779 0001:0002EFDF  1780 0001:0002EFE6  1781 0001:0002EFFD  1784 0001:0002F007
  1787 0001:0002F01D  1788 0001:0002F026  1789 0001:0002F03E  1790 0001:0002F049
  1791 0001:0002F060  1794 0001:0002F070  1795 0001:0002F079  1796 0001:0002F0C1
  1800 0001:0002F0D8  1801 0001:0002F0EC  1804 0001:0002F0F0  1805 0001:0002F106
  1806 0001:0002F11D  1807 0001:0002F137  1808 0001:0002F153  1809 0001:0002F17B
  1816 0001:0002F180  1818 0001:0002F189  1819 0001:0002F195  1820 0001:0002F1A4
  1822 0001:0002F1A8  1823 0001:0002F1B3  1825 0001:0002F1B7  1826 0001:0002F1CA
  1830 0001:0002F1DA  1831 0001:0002F1E1  1832 0001:0002F1FB  1833 0001:0002F204
  1837 0001:0002F238  1838 0001:0002F24F  1841 0001:0002F250  1842 0001:0002F253
  1844 0001:0002F25B  1845 0001:0002F263  1846 0001:0002F273  1848 0001:0002F284
  1853 0001:0002F288  1854 0001:0002F2A8  1856 0001:0002F2B0  1857 0001:0002F2CA
  1859 0001:0002F2E8  1860 0001:0002F2FB  1861 0001:0002F311  1862 0001:0002F31F
  1866 0001:0002F36A  1867 0001:0002F374  1868 0001:0002F387  1873 0001:0002F3C2
  1876 0001:0002F3D8  1877 0001:0002F3DE  1878 0001:0002F3E7  1880 0001:0002F3F7
  1881 0001:0002F404  1884 0001:0002F408  1885 0001:0002F40B  1886 0001:0002F414
  1887 0001:0002F426  1890 0001:0002F428  1891 0001:0002F440  1894 0001:0002F48D
  1895 0001:0002F4B7  1901 0001:0002F4C0  1902 0001:0002F4E2  1903 0001:0002F4F9
  1904 0001:0002F507  1905 0001:0002F511  1906 0001:0002F520  1909 0001:0002F530
  1911 0001:0002F543  1912 0001:0002F558  1913 0001:0002F568  1914 0001:0002F594
  1915 0001:0002F5C0  1918 0001:0002F5D6  1920 0001:0002F5DA  1921 0001:0002F5EA
  1922 0001:0002F604  1924 0001:0002F620  1926 0001:0002F62A  1927 0001:0002F63A
  1929 0001:0002F640  1930 0001:0002F655  1931 0001:0002F65B  1934 0001:0002F66F
  1936 0001:0002F69F  1948 0001:0002F6A8  1949 0001:0002F6D8  1950 0001:0002F6DC
  1951 0001:0002F6E4  1952 0001:0002F6F3  1954 0001:0002F70E  1955 0001:0002F71F
  1956 0001:0002F72D  1957 0001:0002F732  1959 0001:0002F73D  1960 0001:0002F746
  1965 0001:0002F770  1966 0001:0002F77D  1967 0001:0002F783  1968 0001:0002F789
  1969 0001:0002F793  1971 0001:0002F79A  1972 0001:0002F7A4  1973 0001:0002F7B2
  1975 0001:0002F7CB  1977 0001:0002F7DB  1978 0001:0002F7E3  1980 0001:0002F7E9
  1981 0001:0002F7F6  1982 0001:0002F803  1985 0001:0002F81B  1988 0001:0002F858
  1993 0001:0002F860  1994 0001:0002F863  1995 0001:0002F870  1996 0001:0002F87F
  1999 0001:0002F884  2000 0001:0002F8A7  2001 0001:0002F8A9  2002 0001:0002F8B5
  2003 0001:0002F8CC  2004 0001:0002F8E2  2006 0001:0002F913  2007 0001:0002F960
  2009 0001:0002F998

Line numbers for mxDateUtil(mxDateUtil.pas) segment .text

    87 0001:0002FA3C    88 0001:0002FA3F    89 0001:0002FA73    95 0001:0002FA78
    96 0001:0002FA7F    97 0001:0002FA86    98 0001:0002FA99   103 0001:0002FAA0
   104 0001:0002FAA3   105 0001:0002FAC0   106 0001:0002FAC7   108 0001:0002FAD6
   109 0001:0002FADB   111 0001:0002FAE2   112 0001:0002FAFD   117 0001:0002FB04
   118 0001:0002FB07   119 0001:0002FB24   120 0001:0002FB2B   122 0001:0002FB3A
   123 0001:0002FB3F   125 0001:0002FB46   126 0001:0002FB61   132 0001:0002FB68
   133 0001:0002FB6B   134 0001:0002FB75   135 0001:0002FB8E   136 0001:0002FBA2
   137 0001:0002FBBD   142 0001:0002FBC4   143 0001:0002FBCA   144 0001:0002FBE2
   149 0001:0002FBE8   150 0001:0002FBEE   151 0001:0002FC06   156 0001:0002FC0C
   157 0001:0002FC12   158 0001:0002FC2A   164 0001:0002FC30   165 0001:0002FC42
   166 0001:0002FC56   167 0001:0002FC62   168 0001:0002FC65   169 0001:0002FC72
   170 0001:0002FC7F   171 0001:0002FC84   172 0001:0002FC87   174 0001:0002FC8A
   175 0001:0002FC8F   176 0001:0002FC92   178 0001:0002FC93   179 0001:0002FCAB
   180 0001:0002FCD3   187 0001:0002FCDC   188 0001:0002FCEB   189 0001:0002FCF6
   190 0001:0002FD02   191 0001:0002FD0E   193 0001:0002FD1A   194 0001:0002FD2E
   195 0001:0002FD42   196 0001:0002FD4D   197 0001:0002FD52   198 0001:0002FD57
   199 0001:0002FD61   200 0001:0002FD65   202 0001:0002FD68   203 0001:0002FD73
   204 0001:0002FD7D   205 0001:0002FD8D   206 0001:0002FD93   207 0001:0002FD96
   209 0001:0002FD9D   211 0001:0002FDA0   212 0001:0002FDAB   215 0001:0002FDB4
   216 0001:0002FDBA   217 0001:0002FDCA   220 0001:0002FDD0   221 0001:0002FDD6
   222 0001:0002FDEE   225 0001:0002FDF4   226 0001:0002FDFA   227 0001:0002FE12
   232 0001:0002FE18   233 0001:0002FE1E   234 0001:0002FE38   235 0001:0002FE52
   236 0001:0002FE6F   237 0001:0002FE8C   238 0001:0002FEA9   239 0001:0002FEC0
   242 0001:0002FED8   243 0001:0002FEE1   245 0001:0002FF18   250 0001:0002FF1C
   251 0001:0002FF25   252 0001:0002FF33   253 0001:0002FF47   255 0001:0002FF69
   257 0001:0002FF72   260 0001:0002FF7C   261 0001:0002FF7F   262 0001:0002FF9D
   263 0001:0002FFC6   264 0001:0002FFC8   267 0001:0002FFCC   268 0001:0002FFCF
   269 0001:0002FFE5   270 0001:0002FFEB   274 0001:0002FFF0   275 0001:0002FFFD
   277 0001:00030045   278 0001:00030063   281 0001:00030078   282 0001:0003007E
   283 0001:00030096   286 0001:0003009C   287 0001:000300A2   288 0001:000300BC
   291 0001:000300C4   292 0001:000300CA   293 0001:000300E4   296 0001:000300EC
   297 0001:000300F2   298 0001:0003010B   301 0001:00030114   302 0001:0003011A
   303 0001:00030132   309 0001:00030138   310 0001:0003013B   311 0001:00030141
   312 0001:00030145   326 0001:0003014C   327 0001:00030153   328 0001:00030157
   329 0001:0003016A   330 0001:0003016C   337 0001:00030170   338 0001:00030181
   339 0001:00030185   340 0001:0003018F   341 0001:00030194   345 0001:00030198
   346 0001:000301AE   348 0001:000301D7   349 0001:000301DE   350 0001:000301E3
   351 0001:000301EB   353 0001:000301F2   356 0001:000301FC   357 0001:00030207
   358 0001:00030209   359 0001:00030212   360 0001:00030228   361 0001:0003022A
   363 0001:0003022E   367 0001:00030234   369 0001:0003023C   370 0001:00030254
   372 0001:0003026D   378 0001:00030270   379 0001:00030275   380 0001:00030277
   382 0001:0003027E   384 0001:00030296   386 0001:0003029A   387 0001:0003029E
   388 0001:000302A2   390 0001:000302A6   395 0001:000302B2   396 0001:000302B6
   401 0001:000302BC   402 0001:000302BE   403 0001:000302C0   404 0001:000302C5
   405 0001:000302D6   406 0001:000302E5   407 0001:000302F2   409 0001:000302F7
   416 0001:000302FC   417 0001:00030325   418 0001:00030329   419 0001:0003033B
   421 0001:00030346   422 0001:00030352   424 0001:0003035B   426 0001:000303A8
   427 0001:000303BD   428 0001:000303D7   429 0001:000303E6   430 0001:000303FD
   431 0001:00030414   433 0001:00030429   436 0001:00030434   437 0001:0003043E
   438 0001:00030444   441 0001:00030456   444 0001:00030466   445 0001:00030477
   447 0001:00030480   449 0001:000304A9   450 0001:000304B8   453 0001:000304C8
   454 0001:000304DE   455 0001:000304E7   460 0001:00030552   461 0001:000305A0
   464 0001:000305B8   465 0001:000305DD   466 0001:000305E9   467 0001:000305F1
   470 0001:00030636   471 0001:0003063F   472 0001:00030665   479 0001:0003066C
   480 0001:00030699   481 0001:000306A1   482 0001:000306AC   483 0001:000306B6
   484 0001:000306CC   485 0001:000306DB   486 0001:00030703   487 0001:0003070B
   489 0001:00030711   490 0001:00030732   492 0001:00030748   493 0001:00030758
   494 0001:0003075E   495 0001:0003077E   497 0001:00030791   498 0001:000307DB
   503 0001:000307E4   504 0001:000307F7   505 0001:0003080C   506 0001:00030829
   507 0001:0003083E   508 0001:00030857   509 0001:00030860   510 0001:00030871
   511 0001:00030875   512 0001:0003087C   514 0001:00030891   520 0001:0003089C
   521 0001:000308AB   522 0001:000308AF   523 0001:000308C0   526 0001:000308C4
   527 0001:000308DA   528 0001:000308DE   529 0001:000308EC   531 0001:0003090F
   534 0001:00030918   537 0001:00030920   538 0001:0003093F   539 0001:0003094F
   541 0001:0003099D   544 0001:000309A4   545 0001:000309AD   546 0001:000309C2
   547 0001:000309DA   550 0001:000309E4   551 0001:000309F0   552 0001:00030A00
   553 0001:00030A18   556 0001:00030A20   557 0001:00030A23   558 0001:00030A27
   559 0001:00030A3F   560 0001:00030A4D   561 0001:00030A5B   565 0001:00030A69
   566 0001:00030A81   567 0001:00030A8F   568 0001:00030A9D   571 0001:00030AA9
   574 0001:00030B24   575 0001:00030B3D   576 0001:00030B41   577 0001:00030B55
   578 0001:00030B63   582 0001:00030B71   583 0001:00030B85   584 0001:00030B93
   587 0001:00030B9F   588 0001:00030BD5   596 0001:00030C24   598 0001:00030C46
   605 0001:00030C57   607 0001:00030C88   608 0001:00030CC2   611 0001:00030CCC
   612 0001:00030CE4   613 0001:00030CF2   614 0001:00030D24   615 0001:00030D4D
   627 0001:00030D90   628 0001:00030DAC   630 0001:00030DEE

Line numbers for MxPrgrss(MxPrgrss.pas) segment .text

    64 0001:00030E98    65 0001:00030EAA    67 0001:00030EB3    72 0001:00030EE6
    77 0001:00030F18    78 0001:00030F25    79 0001:00030F47    80 0001:00030F5E
    86 0001:00030F64    87 0001:00030F78    88 0001:00030F84    89 0001:00030F86
    90 0001:00030F8B    91 0001:00030FAE    92 0001:00030FD1    94 0001:00030FF7
    95 0001:00031000   100 0001:0003100C   101 0001:00031014   102 0001:0003101D
   103 0001:00031028   104 0001:00031035   105 0001:0003103B   106 0001:00031040
   112 0001:00031048   113 0001:00031050   114 0001:00031059   115 0001:00031064
   116 0001:00031071   117 0001:0003107D   119 0001:00031086   120 0001:0003108C
   128 0001:00031094   129 0001:000310B7   130 0001:000310BB   131 0001:000310C3
   132 0001:000310D5   133 0001:000310DD   134 0001:000310E8   135 0001:000310FE
   137 0001:00031114   139 0001:0003112B   140 0001:0003113A   143 0001:00031153
   144 0001:0003115F   148 0001:00031183   155 0001:0003118C   156 0001:000311A6
   157 0001:000311AB   160 0001:000311AC   161 0001:000311AF   162 0001:000311B3
   163 0001:000311CD   164 0001:000311CF   168 0001:000311D4   169 0001:000311E0
   170 0001:000311F3   174 0001:000311FC   175 0001:00031211   178 0001:00031214
   179 0001:0003121A   180 0001:00031229   183 0001:0003122C   184 0001:00031232
   185 0001:00031241   188 0001:00031244   189 0001:0003124A   190 0001:00031259
   202 0001:0003125C   206 0001:00031294

